/*
 *  CMSIS Pack Debug Access Sequence Log
 *  File        : D:\ai embody\TI preparation\before the final car\MSPM0G3507_Car\project\mdk\SeekFree_MSPM0G3507_Device_Library_Sequences_0001.log
 *  Created     : 14:20:28 (24/07/2026)
 *  Device      : MSPM0G3507
 *  PDSC File   : D:/software/keil5/ARM/PACK/TexasInstruments/MSPM0G1X0X_G3X0X_DFP/1.3.1/TexasInstruments.MSPM0G1X0X_G3X0X_DFP.pdsc
 *
 */

[14:20:28.239]  **********  Sequence "DebugPortSetup"  (Context="Connect", Pname="", info="")
[14:20:28.239]  
[14:20:28.239]  <debugvars>
[14:20:28.239]    // Pre-defined
[14:20:28.239]    __protocol=0x00010002      (Protocol="SWD", SWJ-DP="True")
[14:20:28.239]    __connection=0x00000202    (Connection Type="Flash", Reset Type="System Reset")
[14:20:28.239]    __dp=0x00000000
[14:20:28.239]    __ap=0x00000000
[14:20:28.239]    __traceout=0x00000000      (Trace Disabled)
[14:20:28.239]    __errorcontrol=0x00000000  (Skip Errors="False")
[14:20:28.239]    __FlashAddr=0x00000000
[14:20:28.239]    __FlashLen=0x00000000
[14:20:28.239]    __FlashArg=0x00000000
[14:20:28.239]    __FlashOp=0x00000000
[14:20:28.239]    __Result=0x00000000
[14:20:28.239]  </debugvars>
[14:20:28.239]  
[14:20:28.239]  <sequence name="DebugPortSetup" Pname="" disable="false" info="">
[14:20:28.239]    <block atomic="false" info="">
[14:20:28.239]      __var isSWJ      = ((__protocol & 0x00010000) != 0);
[14:20:28.239]        // -> [isSWJ <= 0x00000001]
[14:20:28.239]      __var hasDormant = __protocol & 0x00020000;
[14:20:28.239]        // -> [hasDormant <= 0x00000000]
[14:20:28.239]      __var protType   = __protocol & 0x0000FFFF;
[14:20:28.239]        // -> [protType <= 0x00000002]
[14:20:28.239]    </block>
[14:20:28.239]    <control if="protType == 1" while="" timeout="0" info="">
[14:20:28.244]      // if-block "protType == 1"
[14:20:28.244]        // =>  FALSE
[14:20:28.244]      // skip if-block "protType == 1"
[14:20:28.244]    </control>
[14:20:28.244]    <control if="protType == 2" while="" timeout="0" info="">
[14:20:28.244]      // if-block "protType == 2"
[14:20:28.244]        // =>  TRUE
[14:20:28.244]      <control if="isSWJ" while="" timeout="0" info="">
[14:20:28.244]        // if-block "isSWJ"
[14:20:28.244]          // =>  TRUE
[14:20:28.244]        <control if="hasDormant" while="" timeout="0" info="">
[14:20:28.244]          // if-block "hasDormant"
[14:20:28.244]            // =>  FALSE
[14:20:28.244]          // skip if-block "hasDormant"
[14:20:28.244]        </control>
[14:20:28.244]        <control if="!hasDormant" while="" timeout="0" info="">
[14:20:28.244]          // if-block "!hasDormant"
[14:20:28.244]            // =>  TRUE
[14:20:28.244]          <block atomic="false" info="">
[14:20:28.244]            DAP_SWJ_Sequence(51, 0x0007FFFFFFFFFFFF); //lets put the JTAG line in a reset state
[14:20:28.249]              // -> [DAP_SWJ_Sequence(51, 0x0007FFFFFFFFFFFF)]
[14:20:28.249]            DAP_SWJ_Sequence(16,0xE73C); //SWD to JTAG, this is to ensure the state machine is initialized
[14:20:28.249]              // -> [DAP_SWJ_Sequence(16, 0x000000000000E73C)]
[14:20:28.249]            DAP_SWJ_Sequence(51, 0x0007FFFFFFFFFFFF); //Put it back in reset
[14:20:28.253]              // -> [DAP_SWJ_Sequence(51, 0x0007FFFFFFFFFFFF)]
[14:20:28.253]            DAP_SWJ_Sequence(16, 0xE79E); //JTAG to SWD switch
[14:20:28.255]              // -> [DAP_SWJ_Sequence(16, 0x000000000000E79E)]
[14:20:28.255]            DAP_SWJ_Sequence(51, 0x0007FFFFFFFFFFFF);  //Ensure the switch is successful 
[14:20:28.258]              // -> [DAP_SWJ_Sequence(51, 0x0007FFFFFFFFFFFF)]
[14:20:28.258]            DAP_SWJ_Sequence(7,  0x00); //Give the line some time to initialize
[14:20:28.258]              // -> [DAP_SWJ_Sequence(7, 0x0000000000000000)]
[14:20:28.258]          </block>
[14:20:28.258]          // end if-block "!hasDormant"
[14:20:28.260]        </control>
[14:20:28.260]        // end if-block "isSWJ"
[14:20:28.260]      </control>
[14:20:28.260]      <control if="!isSWJ" while="" timeout="0" info="">
[14:20:28.260]        // if-block "!isSWJ"
[14:20:28.260]          // =>  FALSE
[14:20:28.260]        // skip if-block "!isSWJ"
[14:20:28.260]      </control>
[14:20:28.260]      <block atomic="false" info="">
[14:20:28.260]        ReadDP(0x0);
[14:20:28.265]          // -> [ReadDP(0x00000000) => 0x6BA02477]   (__dp=0x00000000)
[14:20:28.265]      </block>
[14:20:28.265]      // end if-block "protType == 2"
[14:20:28.265]    </control>
[14:20:28.265]  </sequence>
[14:20:28.265]  
[14:20:28.269]  **********  Sequence "DebugPortStart"  (Context="Connect", Pname="", info="")
[14:20:28.269]  
[14:20:28.269]  <debugvars>
[14:20:28.270]    // Pre-defined
[14:20:28.270]    __protocol=0x00010002      (Protocol="SWD", SWJ-DP="True")
[14:20:28.270]    __connection=0x00000202    (Connection Type="Flash", Reset Type="System Reset")
[14:20:28.270]    __dp=0x00000000
[14:20:28.270]    __ap=0x00000000
[14:20:28.270]    __traceout=0x00000000      (Trace Disabled)
[14:20:28.270]    __errorcontrol=0x00000000  (Skip Errors="False")
[14:20:28.270]    __FlashAddr=0x00000000
[14:20:28.270]    __FlashLen=0x00000000
[14:20:28.270]    __FlashArg=0x00000000
[14:20:28.270]    __FlashOp=0x00000000
[14:20:28.270]    __Result=0x00000000
[14:20:28.272]  </debugvars>
[14:20:28.272]  
[14:20:28.272]  <sequence name="DebugPortStart" Pname="" disable="false" info="">
[14:20:28.272]    <block atomic="false" info="">
[14:20:28.272]      __var SW_DP_ABORT       = 0x0;
[14:20:28.272]        // -> [SW_DP_ABORT <= 0x00000000]
[14:20:28.272]      __var DP_CTRL_STAT      = 0x4;
[14:20:28.272]        // -> [DP_CTRL_STAT <= 0x00000004]
[14:20:28.272]      __var DP_SELECT         = 0x8;
[14:20:28.272]        // -> [DP_SELECT <= 0x00000008]
[14:20:28.272]      __var powered_down      = 0;
[14:20:28.272]        // -> [powered_down <= 0x00000000]
[14:20:28.272]      WriteDP(DP_SELECT, 0x00000000);
[14:20:28.275]        // -> [WriteDP(0x00000008, 0x00000000)]   (__dp=0x00000000)
[14:20:28.275]      powered_down = ((ReadDP(DP_CTRL_STAT) & 0xA0000000) != 0xA0000000);
[14:20:28.277]        // -> [ReadDP(0x00000004) => 0x00000040]   (__dp=0x00000000)
[14:20:28.277]        // -> [powered_down <= 0x00000001]
[14:20:28.277]    </block>
[14:20:28.277]    <control if="powered_down" while="" timeout="0" info="">
[14:20:28.277]      // if-block "powered_down"
[14:20:28.277]        // =>  TRUE
[14:20:28.277]      <block atomic="false" info="">
[14:20:28.277]        Message(0, "Debug/System power-up request sent");
[14:20:28.283]        WriteDP(DP_CTRL_STAT, 0x50000000);
[14:20:28.283]          // -> [WriteDP(0x00000004, 0x50000000)]   (__dp=0x00000000)
[14:20:28.283]      </block>
[14:20:28.283]      <control if="" while="(ReadDP(DP_CTRL_STAT) & 0xA0000000) != 0xA0000000" timeout="1000000" info="">
[14:20:28.283]        // while "(ReadDP(DP_CTRL_STAT) & 0xA0000000) != 0xA0000000"  (timeout="1000000")
[14:20:28.286]          // -> [ReadDP(0x00000004) => 0xF0000040]   (__dp=0x00000000)
[14:20:28.286]        // while-condition  =>  FALSE
[14:20:28.286]        // end while "(ReadDP(DP_CTRL_STAT) & 0xA0000000) != 0xA0000000"
[14:20:28.286]      </control>
[14:20:28.286]      <control if="(__protocol & 0xFFFF) == 1" while="" timeout="0" info="">
[14:20:28.286]        // if-block "(__protocol & 0xFFFF) == 1"
[14:20:28.286]          // =>  FALSE
[14:20:28.286]        // skip if-block "(__protocol & 0xFFFF) == 1"
[14:20:28.286]      </control>
[14:20:28.286]      <control if="(__protocol & 0xFFFF) == 2" while="" timeout="0" info="">
[14:20:28.286]        // if-block "(__protocol & 0xFFFF) == 2"
[14:20:28.286]          // =>  TRUE
[14:20:28.286]        <block atomic="false" info="">
[14:20:28.286]          Message(0, "executing SWD power up");
[14:20:28.291]          WriteDP(DP_CTRL_STAT, 0x50000F00);
[14:20:28.293]            // -> [WriteDP(0x00000004, 0x50000F00)]   (__dp=0x00000000)
[14:20:28.293]          WriteDP(SW_DP_ABORT, 0x0000001E);
[14:20:28.295]            // -> [WriteDP(0x00000000, 0x0000001E)]   (__dp=0x00000000)
[14:20:28.295]        </block>
[14:20:28.295]        // end if-block "(__protocol & 0xFFFF) == 2"
[14:20:28.295]      </control>
[14:20:28.296]      // end if-block "powered_down"
[14:20:28.296]    </control>
[14:20:28.296]    <block atomic="false" info="">
[14:20:28.296]      __var DEBUG_PORT_VAL    = 0;
[14:20:28.296]        // -> [DEBUG_PORT_VAL <= 0x00000000]
[14:20:28.296]      __var ACCESS_POINT_VAL  = 0;
[14:20:28.296]        // -> [ACCESS_POINT_VAL <= 0x00000000]
[14:20:28.296]      __ap = 1; 
[14:20:28.296]        // -> [__ap <= 0x00000001]
[14:20:28.296]      WriteAP(0x0C, 0x04); //lets use the mini pwr-ap as backup
[14:20:28.298]        // -> [WriteAP(0x0000000C, 0x00000004)]   (__dp=0x00000000, __ap=0x00000001)
[14:20:28.302]      __ap = 4;
[14:20:28.302]        // -> [__ap <= 0x00000004]
[14:20:28.302]      ACCESS_POINT_VAL = ReadAP(0x00);//Reading current state of access point
[14:20:28.306]        // -> [ReadAP(0x00000000) => 0x00080027]   (__dp=0x00000000, __ap=0x00000004)
[14:20:28.306]        // -> [ACCESS_POINT_VAL <= 0x00080027]
[14:20:28.307]      Message(0, "Current state of access point is: %x",ACCESS_POINT_VAL);
[14:20:28.308]    </block>
[14:20:28.308]    <block atomic="false" info="">
[14:20:28.308]      __var nReset = 0x80;
[14:20:28.308]        // -> [nReset <= 0x00000080]
[14:20:28.308]      __var canReadPins = 0;
[14:20:28.308]        // -> [canReadPins <= 0x00000000]
[14:20:28.308]      canReadPins = (DAP_SWJ_Pins(0x00, nReset, 0) != 0xFFFFFFFF);
[14:20:28.312]        // -> [DAP_SWJ_Pins(0x00, 0x80, 0) => 0x0F]   (Out: nRESET=0  =>  In: SWCLK/TCK=1, SWDIO/TMS=1, TDI=1, TDO=1, nTRST=0, nRESET=0)
[14:20:28.312]        // -> [canReadPins <= 0x00000001]
[14:20:28.312]    </block>
[14:20:28.312]    <control if="" while="1" timeout="200" info="">
[14:20:28.312]      // while "1"  (timeout="200")
[14:20:28.312]      // while-condition  =>  TRUE
[14:20:28.314]      // while "1"  (timeout="200")
[14:20:28.314]      // while-condition  =>  TRUE
[14:20:28.314]      // while "1"  (timeout="200")
[14:20:28.314]      // while-condition  =>  TRUE
[14:20:28.314]      // while "1"  (timeout="200")
[14:20:28.314]      // while-condition  =>  TRUE
[14:20:28.314]      // while "1"  (timeout="200")
[14:20:28.314]      // while-condition  =>  TRUE
[14:20:28.314]      // while "1"  (timeout="200")
[14:20:28.314]      // while-condition  =>  TRUE
[14:20:28.314]      // while "1"  (timeout="200")
[14:20:28.314]      // while-condition  =>  TRUE
[14:20:28.316]      // while "1"  (timeout="200")
[14:20:28.316]      // while-condition  =>  TRUE
[14:20:28.316]      // while "1"  (timeout="200")
[14:20:28.316]      // while-condition  =>  TRUE
[14:20:28.316]      // while "1"  (timeout="200")
[14:20:28.316]      // while-condition  =>  TRUE
[14:20:28.316]      // while "1"  (timeout="200")
[14:20:28.316]      // while-condition  =>  TRUE
[14:20:28.316]      // while "1"  (timeout="200")
[14:20:28.316]      // while-condition  =>  TRUE
[14:20:28.316]      // while "1"  (timeout="200")
[14:20:28.316]      // while-condition  =>  TRUE
[14:20:28.316]      // while "1"  (timeout="200")
[14:20:28.316]      // while-condition  =>  TRUE
[14:20:28.316]      // while "1"  (timeout="200")
[14:20:28.318]      // while-condition  =>  TRUE
[14:20:28.318]      // while "1"  (timeout="200")
[14:20:28.318]      // while-condition  =>  TRUE
[14:20:28.318]      // while "1"  (timeout="200")
[14:20:28.318]      // while-condition  =>  TRUE
[14:20:28.318]      // while "1"  (timeout="200")
[14:20:28.318]      // while-condition  =>  TRUE
[14:20:28.318]      // while "1"  (timeout="200")
[14:20:28.318]      // while-condition  =>  TRUE
[14:20:28.318]      // while "1"  (timeout="200")
[14:20:28.318]      // while-condition  =>  TRUE
[14:20:28.318]      // while "1"  (timeout="200")
[14:20:28.318]      // while-condition  =>  TRUE
[14:20:28.318]      // while "1"  (timeout="200")
[14:20:28.318]      // while-condition  =>  TRUE
[14:20:28.318]      // while "1"  (timeout="200")
[14:20:28.318]      // while-condition  =>  TRUE
[14:20:28.318]      // while "1"  (timeout="200")
[14:20:28.318]      // while-condition  =>  TRUE
[14:20:28.318]      // while "1"  (timeout="200")
[14:20:28.318]      // while-condition  =>  TRUE
[14:20:28.318]      // while "1"  (timeout="200")
[14:20:28.318]      // while-condition  =>  TRUE
[14:20:28.318]      // while "1"  (timeout="200")
[14:20:28.318]      // while-condition  =>  TRUE
[14:20:28.318]      // while "1"  (timeout="200")
[14:20:28.318]      // while-condition  =>  TRUE
[14:20:28.318]      // while "1"  (timeout="200")
[14:20:28.318]      // while-condition  =>  TRUE
[14:20:28.318]      // while "1"  (timeout="200")
[14:20:28.318]      // while-condition  =>  TRUE
[14:20:28.318]      // while "1"  (timeout="200")
[14:20:28.318]      // while-condition  =>  TRUE
[14:20:28.323]      // while "1"  (timeout="200")
[14:20:28.323]      // while  =>  TIMEOUT
[14:20:28.323]      // end while "1"
[14:20:28.323]    </control>
[14:20:28.323]    <control if="canReadPins" while="" timeout="0" info="">
[14:20:28.323]      // if-block "canReadPins"
[14:20:28.323]        // =>  TRUE
[14:20:28.323]      <control if="" while="(DAP_SWJ_Pins(nReset, nReset, 0) & nReset) == 0" timeout="1000000" info="">
[14:20:28.323]        // while "(DAP_SWJ_Pins(nReset, nReset, 0) & nReset) == 0"  (timeout="1000000")
[14:20:28.323]          // -> [DAP_SWJ_Pins(0x80, 0x80, 0) => 0x8F]   (Out: nRESET=1  =>  In: SWCLK/TCK=1, SWDIO/TMS=1, TDI=1, TDO=1, nTRST=0, nRESET=1)
[14:20:28.323]        // while-condition  =>  FALSE
[14:20:28.323]        // end while "(DAP_SWJ_Pins(nReset, nReset, 0) & nReset) == 0"
[14:20:28.323]      </control>
[14:20:28.323]      // end if-block "canReadPins"
[14:20:28.327]    </control>
[14:20:28.327]    <control if="!canReadPins" while="" timeout="0" info="">
[14:20:28.327]      // if-block "!canReadPins"
[14:20:28.327]        // =>  FALSE
[14:20:28.327]      // skip if-block "!canReadPins"
[14:20:28.327]    </control>
[14:20:28.327]    <control if="(ACCESS_POINT_VAL & 0x00E00000) == 0" while="" timeout="0" info="">
[14:20:28.327]      // if-block "(ACCESS_POINT_VAL & 0x00E00000) == 0"
[14:20:28.327]        // =>  TRUE
[14:20:28.327]      <block atomic="false" info="">
[14:20:28.327]        WriteAP(0x00, 0x190008);
[14:20:28.328]          // -> [WriteAP(0x00000000, 0x00190008)]   (__dp=0x00000000, __ap=0x00000004)
[14:20:28.328]        WriteAP(0xF0, 0x01);
[14:20:28.334]          // -> [WriteAP(0x000000F0, 0x00000001)]   (__dp=0x00000000, __ap=0x00000004)
[14:20:28.334]      </block>
[14:20:28.334]      // end if-block "(ACCESS_POINT_VAL & 0x00E00000) == 0"
[14:20:28.334]    </control>
[14:20:28.334]    <control if="(ACCESS_POINT_VAL & 0x00E00000) != 0" while="" timeout="0" info="">
[14:20:28.334]      // if-block "(ACCESS_POINT_VAL & 0x00E00000) != 0"
[14:20:28.334]        // =>  FALSE
[14:20:28.334]      // skip if-block "(ACCESS_POINT_VAL & 0x00E00000) != 0"
[14:20:28.334]    </control>
[14:20:28.334]    <block atomic="false" info="">
[14:20:28.334]      ACCESS_POINT_VAL = ReadAP(0x00);//Reading current state of access point
[14:20:28.336]        // -> [ReadAP(0x00000000) => 0x0079002F]   (__dp=0x00000000, __ap=0x00000004)
[14:20:28.339]        // -> [ACCESS_POINT_VAL <= 0x0079002F]
[14:20:28.339]      Message(0, "Current state of access point is: %x",ACCESS_POINT_VAL);
[14:20:28.341]      __ap = 0; //lets make sure we reset the access point selection
[14:20:28.341]        // -> [__ap <= 0x00000000]
[14:20:28.341]    </block>
[14:20:28.341]  </sequence>
[14:20:28.341]  
[14:20:28.359]  **********  Sequence "DebugDeviceUnlock"  (Context="Connect", Pname="", info="")
[14:20:28.359]  
[14:20:28.359]  <debugvars>
[14:20:28.359]    // Pre-defined
[14:20:28.359]    __protocol=0x00010002      (Protocol="SWD", SWJ-DP="True")
[14:20:28.359]    __connection=0x00000202    (Connection Type="Flash", Reset Type="System Reset")
[14:20:28.359]    __dp=0x00000000
[14:20:28.359]    __ap=0x00000000
[14:20:28.359]    __traceout=0x00000000      (Trace Disabled)
[14:20:28.359]    __errorcontrol=0x00000000  (Skip Errors="False")
[14:20:28.359]    __FlashAddr=0x00000000
[14:20:28.359]    __FlashLen=0x00000000
[14:20:28.359]    __FlashArg=0x00000000
[14:20:28.359]    __FlashOp=0x00000000
[14:20:28.359]    __Result=0x00000000
[14:20:28.359]  </debugvars>
[14:20:28.359]  
[14:20:28.365]  <sequence name="DebugDeviceUnlock" Pname="" disable="false" info="">
[14:20:28.365]    <block atomic="false" info="">
[14:20:28.365]      __var deviceID = 0;
[14:20:28.365]        // -> [deviceID <= 0x00000000]
[14:20:28.365]      __var version = 0;
[14:20:28.365]        // -> [version <= 0x00000000]
[14:20:28.365]      __var partNum = 0;
[14:20:28.365]        // -> [partNum <= 0x00000000]
[14:20:28.365]      __var manuf = 0;
[14:20:28.365]        // -> [manuf <= 0x00000000]
[14:20:28.365]      __var isMSPM0G1X0X_G3X0X = 0;
[14:20:28.365]        // -> [isMSPM0G1X0X_G3X0X <= 0x00000000]
[14:20:28.365]      __var isProduction = 0;
[14:20:28.365]        // -> [isProduction <= 0x00000000]
[14:20:28.365]      __var continueId = 0;
[14:20:28.365]        // -> [continueId <= 0x00000000]
[14:20:28.365]      deviceID =   Read32(0x41C40004);
[14:20:28.373]        // -> [Read32(0x41C40004) => 0x2BB8802F]   (__dp=0x00000000, __ap=0x00000000)
[14:20:28.373]        // -> [deviceID <= 0x2BB8802F]
[14:20:28.373]      version = deviceID >> 28;
[14:20:28.373]        // -> [version <= 0x00000002]
[14:20:28.373]      partNum = (deviceID & 0x0FFFF000) >> 12;
[14:20:28.376]        // -> [partNum <= 0x0000BB88]
[14:20:28.376]      manuf = (deviceID & 0x00000FFE) >> 1;
[14:20:28.376]        // -> [manuf <= 0x00000017]
[14:20:28.376]      isMSPM0G1X0X_G3X0X = (partNum == 0xBB88) && (manuf == 0x17);
[14:20:28.376]        // -> [isMSPM0G1X0X_G3X0X <= 0x00000001]
[14:20:28.376]      isProduction = (version > 0);
[14:20:28.376]        // -> [isProduction <= 0x00000001]
[14:20:28.377]    </block>
[14:20:28.377]    <control if="!isMSPM0G1X0X_G3X0X" while="" timeout="0" info="">
[14:20:28.377]      // if-block "!isMSPM0G1X0X_G3X0X"
[14:20:28.377]        // =>  FALSE
[14:20:28.377]      // skip if-block "!isMSPM0G1X0X_G3X0X"
[14:20:28.377]    </control>
[14:20:28.377]    <control if="continueId == 4" while="" timeout="0" info="">
[14:20:28.377]      // if-block "continueId == 4"
[14:20:28.377]        // =>  FALSE
[14:20:28.377]      // skip if-block "continueId == 4"
[14:20:28.377]    </control>
[14:20:28.377]    <control if="!isProduction" while="" timeout="0" info="">
[14:20:28.379]      // if-block "!isProduction"
[14:20:28.379]        // =>  FALSE
[14:20:28.379]      // skip if-block "!isProduction"
[14:20:28.379]    </control>
[14:20:28.379]  </sequence>
[14:20:28.379]  
[14:29:45.702]  **********  Sequence "DebugPortSetup"  (Context="Connect", Pname="", info="")
[14:29:45.702]  
[14:29:45.703]  <debugvars>
[14:29:45.703]    // Pre-defined
[14:29:45.703]    __protocol=0x00010002      (Protocol="SWD", SWJ-DP="True")
[14:29:45.703]    __connection=0x00000202    (Connection Type="Flash", Reset Type="System Reset")
[14:29:45.703]    __dp=0x00000000
[14:29:45.703]    __ap=0x00000000
[14:29:45.703]    __traceout=0x00000000      (Trace Disabled)
[14:29:45.703]    __errorcontrol=0x00000000  (Skip Errors="False")
[14:29:45.703]    __FlashAddr=0x00000000
[14:29:45.703]    __FlashLen=0x00000000
[14:29:45.703]    __FlashArg=0x00000000
[14:29:45.703]    __FlashOp=0x00000000
[14:29:45.703]    __Result=0x00000000
[14:29:45.703]  </debugvars>
[14:29:45.703]  
[14:29:45.703]  <sequence name="DebugPortSetup" Pname="" disable="false" info="">
[14:29:45.703]    <block atomic="false" info="">
[14:29:45.703]      __var isSWJ      = ((__protocol & 0x00010000) != 0);
[14:29:45.703]        // -> [isSWJ <= 0x00000001]
[14:29:45.703]      __var hasDormant = __protocol & 0x00020000;
[14:29:45.703]        // -> [hasDormant <= 0x00000000]
[14:29:45.703]      __var protType   = __protocol & 0x0000FFFF;
[14:29:45.703]        // -> [protType <= 0x00000002]
[14:29:45.703]    </block>
[14:29:45.703]    <control if="protType == 1" while="" timeout="0" info="">
[14:29:45.703]      // if-block "protType == 1"
[14:29:45.708]        // =>  FALSE
[14:29:45.708]      // skip if-block "protType == 1"
[14:29:45.708]    </control>
[14:29:45.708]    <control if="protType == 2" while="" timeout="0" info="">
[14:29:45.708]      // if-block "protType == 2"
[14:29:45.708]        // =>  TRUE
[14:29:45.708]      <control if="isSWJ" while="" timeout="0" info="">
[14:29:45.708]        // if-block "isSWJ"
[14:29:45.709]          // =>  TRUE
[14:29:45.709]        <control if="hasDormant" while="" timeout="0" info="">
[14:29:45.709]          // if-block "hasDormant"
[14:29:45.709]            // =>  FALSE
[14:29:45.709]          // skip if-block "hasDormant"
[14:29:45.709]        </control>
[14:29:45.709]        <control if="!hasDormant" while="" timeout="0" info="">
[14:29:45.710]          // if-block "!hasDormant"
[14:29:45.710]            // =>  TRUE
[14:29:45.710]          <block atomic="false" info="">
[14:29:45.710]            DAP_SWJ_Sequence(51, 0x0007FFFFFFFFFFFF); //lets put the JTAG line in a reset state
[14:29:45.713]              // -> [DAP_SWJ_Sequence(51, 0x0007FFFFFFFFFFFF)]
[14:29:45.713]            DAP_SWJ_Sequence(16,0xE73C); //SWD to JTAG, this is to ensure the state machine is initialized
[14:29:45.713]              // -> [DAP_SWJ_Sequence(16, 0x000000000000E73C)]
[14:29:45.713]            DAP_SWJ_Sequence(51, 0x0007FFFFFFFFFFFF); //Put it back in reset
[14:29:45.713]              // -> [DAP_SWJ_Sequence(51, 0x0007FFFFFFFFFFFF)]
[14:29:45.713]            DAP_SWJ_Sequence(16, 0xE79E); //JTAG to SWD switch
[14:29:45.717]              // -> [DAP_SWJ_Sequence(16, 0x000000000000E79E)]
[14:29:45.719]            DAP_SWJ_Sequence(51, 0x0007FFFFFFFFFFFF);  //Ensure the switch is successful 
[14:29:45.719]              // -> [DAP_SWJ_Sequence(51, 0x0007FFFFFFFFFFFF)]
[14:29:45.721]            DAP_SWJ_Sequence(7,  0x00); //Give the line some time to initialize
[14:29:45.723]              // -> [DAP_SWJ_Sequence(7, 0x0000000000000000)]
[14:29:45.723]          </block>
[14:29:45.723]          // end if-block "!hasDormant"
[14:29:45.723]        </control>
[14:29:45.723]        // end if-block "isSWJ"
[14:29:45.723]      </control>
[14:29:45.723]      <control if="!isSWJ" while="" timeout="0" info="">
[14:29:45.723]        // if-block "!isSWJ"
[14:29:45.723]          // =>  FALSE
[14:29:45.723]        // skip if-block "!isSWJ"
[14:29:45.723]      </control>
[14:29:45.723]      <block atomic="false" info="">
[14:29:45.723]        ReadDP(0x0);
[14:29:45.723]          // -> [ReadDP(0x00000000) => 0x6BA02477]   (__dp=0x00000000)
[14:29:45.723]      </block>
[14:29:45.723]      // end if-block "protType == 2"
[14:29:45.723]    </control>
[14:29:45.723]  </sequence>
[14:29:45.728]  
[14:29:45.732]  **********  Sequence "DebugPortStart"  (Context="Connect", Pname="", info="")
[14:29:45.732]  
[14:29:45.732]  <debugvars>
[14:29:45.732]    // Pre-defined
[14:29:45.732]    __protocol=0x00010002      (Protocol="SWD", SWJ-DP="True")
[14:29:45.732]    __connection=0x00000202    (Connection Type="Flash", Reset Type="System Reset")
[14:29:45.732]    __dp=0x00000000
[14:29:45.733]    __ap=0x00000000
[14:29:45.733]    __traceout=0x00000000      (Trace Disabled)
[14:29:45.733]    __errorcontrol=0x00000000  (Skip Errors="False")
[14:29:45.733]    __FlashAddr=0x00000000
[14:29:45.733]    __FlashLen=0x00000000
[14:29:45.733]    __FlashArg=0x00000000
[14:29:45.733]    __FlashOp=0x00000000
[14:29:45.733]    __Result=0x00000000
[14:29:45.733]  </debugvars>
[14:29:45.733]  
[14:29:45.733]  <sequence name="DebugPortStart" Pname="" disable="false" info="">
[14:29:45.733]    <block atomic="false" info="">
[14:29:45.733]      __var SW_DP_ABORT       = 0x0;
[14:29:45.733]        // -> [SW_DP_ABORT <= 0x00000000]
[14:29:45.733]      __var DP_CTRL_STAT      = 0x4;
[14:29:45.733]        // -> [DP_CTRL_STAT <= 0x00000004]
[14:29:45.733]      __var DP_SELECT         = 0x8;
[14:29:45.733]        // -> [DP_SELECT <= 0x00000008]
[14:29:45.733]      __var powered_down      = 0;
[14:29:45.733]        // -> [powered_down <= 0x00000000]
[14:29:45.733]      WriteDP(DP_SELECT, 0x00000000);
[14:29:45.738]        // -> [WriteDP(0x00000008, 0x00000000)]   (__dp=0x00000000)
[14:29:45.738]      powered_down = ((ReadDP(DP_CTRL_STAT) & 0xA0000000) != 0xA0000000);
[14:29:45.738]        // -> [ReadDP(0x00000004) => 0x00000040]   (__dp=0x00000000)
[14:29:45.738]        // -> [powered_down <= 0x00000001]
[14:29:45.738]    </block>
[14:29:45.738]    <control if="powered_down" while="" timeout="0" info="">
[14:29:45.738]      // if-block "powered_down"
[14:29:45.738]        // =>  TRUE
[14:29:45.738]      <block atomic="false" info="">
[14:29:45.738]        Message(0, "Debug/System power-up request sent");
[14:29:45.744]        WriteDP(DP_CTRL_STAT, 0x50000000);
[14:29:45.744]          // -> [WriteDP(0x00000004, 0x50000000)]   (__dp=0x00000000)
[14:29:45.744]      </block>
[14:29:45.744]      <control if="" while="(ReadDP(DP_CTRL_STAT) & 0xA0000000) != 0xA0000000" timeout="1000000" info="">
[14:29:45.744]        // while "(ReadDP(DP_CTRL_STAT) & 0xA0000000) != 0xA0000000"  (timeout="1000000")
[14:29:45.749]          // -> [ReadDP(0x00000004) => 0xF0000040]   (__dp=0x00000000)
[14:29:45.749]        // while-condition  =>  FALSE
[14:29:45.749]        // end while "(ReadDP(DP_CTRL_STAT) & 0xA0000000) != 0xA0000000"
[14:29:45.749]      </control>
[14:29:45.749]      <control if="(__protocol & 0xFFFF) == 1" while="" timeout="0" info="">
[14:29:45.749]        // if-block "(__protocol & 0xFFFF) == 1"
[14:29:45.749]          // =>  FALSE
[14:29:45.749]        // skip if-block "(__protocol & 0xFFFF) == 1"
[14:29:45.749]      </control>
[14:29:45.749]      <control if="(__protocol & 0xFFFF) == 2" while="" timeout="0" info="">
[14:29:45.749]        // if-block "(__protocol & 0xFFFF) == 2"
[14:29:45.749]          // =>  TRUE
[14:29:45.751]        <block atomic="false" info="">
[14:29:45.751]          Message(0, "executing SWD power up");
[14:29:45.751]          WriteDP(DP_CTRL_STAT, 0x50000F00);
[14:29:45.754]            // -> [WriteDP(0x00000004, 0x50000F00)]   (__dp=0x00000000)
[14:29:45.754]          WriteDP(SW_DP_ABORT, 0x0000001E);
[14:29:45.758]            // -> [WriteDP(0x00000000, 0x0000001E)]   (__dp=0x00000000)
[14:29:45.758]        </block>
[14:29:45.758]        // end if-block "(__protocol & 0xFFFF) == 2"
[14:29:45.758]      </control>
[14:29:45.758]      // end if-block "powered_down"
[14:29:45.758]    </control>
[14:29:45.758]    <block atomic="false" info="">
[14:29:45.758]      __var DEBUG_PORT_VAL    = 0;
[14:29:45.759]        // -> [DEBUG_PORT_VAL <= 0x00000000]
[14:29:45.759]      __var ACCESS_POINT_VAL  = 0;
[14:29:45.759]        // -> [ACCESS_POINT_VAL <= 0x00000000]
[14:29:45.759]      __ap = 1; 
[14:29:45.759]        // -> [__ap <= 0x00000001]
[14:29:45.759]      WriteAP(0x0C, 0x04); //lets use the mini pwr-ap as backup
[14:29:45.763]        // -> [WriteAP(0x0000000C, 0x00000004)]   (__dp=0x00000000, __ap=0x00000001)
[14:29:45.763]      __ap = 4;
[14:29:45.764]        // -> [__ap <= 0x00000004]
[14:29:45.764]      ACCESS_POINT_VAL = ReadAP(0x00);//Reading current state of access point
[14:29:45.766]        // -> [ReadAP(0x00000000) => 0x00080027]   (__dp=0x00000000, __ap=0x00000004)
[14:29:45.766]        // -> [ACCESS_POINT_VAL <= 0x00080027]
[14:29:45.768]      Message(0, "Current state of access point is: %x",ACCESS_POINT_VAL);
[14:29:45.769]    </block>
[14:29:45.769]    <block atomic="false" info="">
[14:29:45.769]      __var nReset = 0x80;
[14:29:45.769]        // -> [nReset <= 0x00000080]
[14:29:45.769]      __var canReadPins = 0;
[14:29:45.769]        // -> [canReadPins <= 0x00000000]
[14:29:45.769]      canReadPins = (DAP_SWJ_Pins(0x00, nReset, 0) != 0xFFFFFFFF);
[14:29:45.772]        // -> [DAP_SWJ_Pins(0x00, 0x80, 0) => 0x0F]   (Out: nRESET=0  =>  In: SWCLK/TCK=1, SWDIO/TMS=1, TDI=1, TDO=1, nTRST=0, nRESET=0)
[14:29:45.772]        // -> [canReadPins <= 0x00000001]
[14:29:45.772]    </block>
[14:29:45.772]    <control if="" while="1" timeout="200" info="">
[14:29:45.772]      // while "1"  (timeout="200")
[14:29:45.772]      // while-condition  =>  TRUE
[14:29:45.774]      // while "1"  (timeout="200")
[14:29:45.774]      // while  =>  TIMEOUT
[14:29:45.774]      // end while "1"
[14:29:45.774]    </control>
[14:29:45.774]    <control if="canReadPins" while="" timeout="0" info="">
[14:29:45.774]      // if-block "canReadPins"
[14:29:45.774]        // =>  TRUE
[14:29:45.774]      <control if="" while="(DAP_SWJ_Pins(nReset, nReset, 0) & nReset) == 0" timeout="1000000" info="">
[14:29:45.774]        // while "(DAP_SWJ_Pins(nReset, nReset, 0) & nReset) == 0"  (timeout="1000000")
[14:29:45.776]          // -> [DAP_SWJ_Pins(0x80, 0x80, 0) => 0x8F]   (Out: nRESET=1  =>  In: SWCLK/TCK=1, SWDIO/TMS=1, TDI=1, TDO=1, nTRST=0, nRESET=1)
[14:29:45.776]        // while-condition  =>  FALSE
[14:29:45.776]        // end while "(DAP_SWJ_Pins(nReset, nReset, 0) & nReset) == 0"
[14:29:45.776]      </control>
[14:29:45.776]      // end if-block "canReadPins"
[14:29:45.776]    </control>
[14:29:45.779]    <control if="!canReadPins" while="" timeout="0" info="">
[14:29:45.779]      // if-block "!canReadPins"
[14:29:45.779]        // =>  FALSE
[14:29:45.779]      // skip if-block "!canReadPins"
[14:29:45.779]    </control>
[14:29:45.779]    <control if="(ACCESS_POINT_VAL & 0x00E00000) == 0" while="" timeout="0" info="">
[14:29:45.779]      // if-block "(ACCESS_POINT_VAL & 0x00E00000) == 0"
[14:29:45.779]        // =>  TRUE
[14:29:45.779]      <block atomic="false" info="">
[14:29:45.779]        WriteAP(0x00, 0x190008);
[14:29:45.782]          // -> [WriteAP(0x00000000, 0x00190008)]   (__dp=0x00000000, __ap=0x00000004)
[14:29:45.782]        WriteAP(0xF0, 0x01);
[14:29:45.784]          // -> [WriteAP(0x000000F0, 0x00000001)]   (__dp=0x00000000, __ap=0x00000004)
[14:29:45.784]      </block>
[14:29:45.787]      // end if-block "(ACCESS_POINT_VAL & 0x00E00000) == 0"
[14:29:45.787]    </control>
[14:29:45.787]    <control if="(ACCESS_POINT_VAL & 0x00E00000) != 0" while="" timeout="0" info="">
[14:29:45.787]      // if-block "(ACCESS_POINT_VAL & 0x00E00000) != 0"
[14:29:45.787]        // =>  FALSE
[14:29:45.787]      // skip if-block "(ACCESS_POINT_VAL & 0x00E00000) != 0"
[14:29:45.787]    </control>
[14:29:45.787]    <block atomic="false" info="">
[14:29:45.787]      ACCESS_POINT_VAL = ReadAP(0x00);//Reading current state of access point
[14:29:45.791]        // -> [ReadAP(0x00000000) => 0x0079002F]   (__dp=0x00000000, __ap=0x00000004)
[14:29:45.791]        // -> [ACCESS_POINT_VAL <= 0x0079002F]
[14:29:45.791]      Message(0, "Current state of access point is: %x",ACCESS_POINT_VAL);
[14:29:45.795]      __ap = 0; //lets make sure we reset the access point selection
[14:29:45.795]        // -> [__ap <= 0x00000000]
[14:29:45.795]    </block>
[14:29:45.795]  </sequence>
[14:29:45.795]  
[14:29:45.815]  **********  Sequence "DebugDeviceUnlock"  (Context="Connect", Pname="", info="")
[14:29:45.815]  
[14:29:45.815]  <debugvars>
[14:29:45.815]    // Pre-defined
[14:29:45.815]    __protocol=0x00010002      (Protocol="SWD", SWJ-DP="True")
[14:29:45.815]    __connection=0x00000202    (Connection Type="Flash", Reset Type="System Reset")
[14:29:45.817]    __dp=0x00000000
[14:29:45.817]    __ap=0x00000000
[14:29:45.817]    __traceout=0x00000000      (Trace Disabled)
[14:29:45.817]    __errorcontrol=0x00000000  (Skip Errors="False")
[14:29:45.817]    __FlashAddr=0x00000000
[14:29:45.817]    __FlashLen=0x00000000
[14:29:45.817]    __FlashArg=0x00000000
[14:29:45.817]    __FlashOp=0x00000000
[14:29:45.817]    __Result=0x00000000
[14:29:45.817]  </debugvars>
[14:29:45.817]  
[14:29:45.817]  <sequence name="DebugDeviceUnlock" Pname="" disable="false" info="">
[14:29:45.817]    <block atomic="false" info="">
[14:29:45.819]      __var deviceID = 0;
[14:29:45.819]        // -> [deviceID <= 0x00000000]
[14:29:45.819]      __var version = 0;
[14:29:45.819]        // -> [version <= 0x00000000]
[14:29:45.819]      __var partNum = 0;
[14:29:45.819]        // -> [partNum <= 0x00000000]
[14:29:45.819]      __var manuf = 0;
[14:29:45.820]        // -> [manuf <= 0x00000000]
[14:29:45.820]      __var isMSPM0G1X0X_G3X0X = 0;
[14:29:45.820]        // -> [isMSPM0G1X0X_G3X0X <= 0x00000000]
[14:29:45.820]      __var isProduction = 0;
[14:29:45.820]        // -> [isProduction <= 0x00000000]
[14:29:45.820]      __var continueId = 0;
[14:29:45.820]        // -> [continueId <= 0x00000000]
[14:29:45.820]      deviceID =   Read32(0x41C40004);
[14:29:45.826]        // -> [Read32(0x41C40004) => 0x2BB8802F]   (__dp=0x00000000, __ap=0x00000000)
[14:29:45.826]        // -> [deviceID <= 0x2BB8802F]
[14:29:45.826]      version = deviceID >> 28;
[14:29:45.826]        // -> [version <= 0x00000002]
[14:29:45.826]      partNum = (deviceID & 0x0FFFF000) >> 12;
[14:29:45.826]        // -> [partNum <= 0x0000BB88]
[14:29:45.826]      manuf = (deviceID & 0x00000FFE) >> 1;
[14:29:45.826]        // -> [manuf <= 0x00000017]
[14:29:45.826]      isMSPM0G1X0X_G3X0X = (partNum == 0xBB88) && (manuf == 0x17);
[14:29:45.826]        // -> [isMSPM0G1X0X_G3X0X <= 0x00000001]
[14:29:45.826]      isProduction = (version > 0);
[14:29:45.826]        // -> [isProduction <= 0x00000001]
[14:29:45.831]    </block>
[14:29:45.831]    <control if="!isMSPM0G1X0X_G3X0X" while="" timeout="0" info="">
[14:29:45.831]      // if-block "!isMSPM0G1X0X_G3X0X"
[14:29:45.831]        // =>  FALSE
[14:29:45.831]      // skip if-block "!isMSPM0G1X0X_G3X0X"
[14:29:45.831]    </control>
[14:29:45.831]    <control if="continueId == 4" while="" timeout="0" info="">
[14:29:45.831]      // if-block "continueId == 4"
[14:29:45.831]        // =>  FALSE
[14:29:45.831]      // skip if-block "continueId == 4"
[14:29:45.831]    </control>
[14:29:45.831]    <control if="!isProduction" while="" timeout="0" info="">
[14:29:45.831]      // if-block "!isProduction"
[14:29:45.831]        // =>  FALSE
[14:29:45.831]      // skip if-block "!isProduction"
[14:29:45.831]    </control>
[14:29:45.833]  </sequence>
[14:29:45.833]  
[15:32:58.905]  **********  Sequence "DebugPortSetup"  (Context="Connect", Pname="", info="")
[15:32:58.905]  
[15:32:58.905]  <debugvars>
[15:32:58.905]    // Pre-defined
[15:32:58.905]    __protocol=0x00010002      (Protocol="SWD", SWJ-DP="True")
[15:32:58.905]    __connection=0x00000202    (Connection Type="Flash", Reset Type="System Reset")
[15:32:58.907]    __dp=0x00000000
[15:32:58.907]    __ap=0x00000000
[15:32:58.907]    __traceout=0x00000000      (Trace Disabled)
[15:32:58.907]    __errorcontrol=0x00000000  (Skip Errors="False")
[15:32:58.907]    __FlashAddr=0x00000000
[15:32:58.907]    __FlashLen=0x00000000
[15:32:58.908]    __FlashArg=0x00000000
[15:32:58.908]    __FlashOp=0x00000000
[15:32:58.908]    __Result=0x00000000
[15:32:58.908]  </debugvars>
[15:32:58.908]  
[15:32:58.908]  <sequence name="DebugPortSetup" Pname="" disable="false" info="">
[15:32:58.908]    <block atomic="false" info="">
[15:32:58.908]      __var isSWJ      = ((__protocol & 0x00010000) != 0);
[15:32:58.908]        // -> [isSWJ <= 0x00000001]
[15:32:58.908]      __var hasDormant = __protocol & 0x00020000;
[15:32:58.908]        // -> [hasDormant <= 0x00000000]
[15:32:58.908]      __var protType   = __protocol & 0x0000FFFF;
[15:32:58.910]        // -> [protType <= 0x00000002]
[15:32:58.910]    </block>
[15:32:58.910]    <control if="protType == 1" while="" timeout="0" info="">
[15:32:58.910]      // if-block "protType == 1"
[15:32:58.910]        // =>  FALSE
[15:32:58.910]      // skip if-block "protType == 1"
[15:32:58.910]    </control>
[15:32:58.910]    <control if="protType == 2" while="" timeout="0" info="">
[15:32:58.910]      // if-block "protType == 2"
[15:32:58.910]        // =>  TRUE
[15:32:58.912]      <control if="isSWJ" while="" timeout="0" info="">
[15:32:58.912]        // if-block "isSWJ"
[15:32:58.912]          // =>  TRUE
[15:32:58.912]        <control if="hasDormant" while="" timeout="0" info="">
[15:32:58.913]          // if-block "hasDormant"
[15:32:58.913]            // =>  FALSE
[15:32:58.913]          // skip if-block "hasDormant"
[15:32:58.913]        </control>
[15:32:58.913]        <control if="!hasDormant" while="" timeout="0" info="">
[15:32:58.913]          // if-block "!hasDormant"
[15:32:58.913]            // =>  TRUE
[15:32:58.913]          <block atomic="false" info="">
[15:32:58.913]            DAP_SWJ_Sequence(51, 0x0007FFFFFFFFFFFF); //lets put the JTAG line in a reset state
[15:32:58.915]              // -> [DAP_SWJ_Sequence(51, 0x0007FFFFFFFFFFFF)]
[15:32:58.917]            DAP_SWJ_Sequence(16,0xE73C); //SWD to JTAG, this is to ensure the state machine is initialized
[15:32:58.918]              // -> [DAP_SWJ_Sequence(16, 0x000000000000E73C)]
[15:32:58.918]            DAP_SWJ_Sequence(51, 0x0007FFFFFFFFFFFF); //Put it back in reset
[15:32:58.920]              // -> [DAP_SWJ_Sequence(51, 0x0007FFFFFFFFFFFF)]
[15:32:58.920]            DAP_SWJ_Sequence(16, 0xE79E); //JTAG to SWD switch
[15:32:58.922]              // -> [DAP_SWJ_Sequence(16, 0x000000000000E79E)]
[15:32:58.923]            DAP_SWJ_Sequence(51, 0x0007FFFFFFFFFFFF);  //Ensure the switch is successful 
[15:32:58.923]              // -> [DAP_SWJ_Sequence(51, 0x0007FFFFFFFFFFFF)]
[15:32:58.925]            DAP_SWJ_Sequence(7,  0x00); //Give the line some time to initialize
[15:32:58.925]              // -> [DAP_SWJ_Sequence(7, 0x0000000000000000)]
[15:32:58.927]          </block>
[15:32:58.927]          // end if-block "!hasDormant"
[15:32:58.927]        </control>
[15:32:58.927]        // end if-block "isSWJ"
[15:32:58.927]      </control>
[15:32:58.927]      <control if="!isSWJ" while="" timeout="0" info="">
[15:32:58.927]        // if-block "!isSWJ"
[15:32:58.928]          // =>  FALSE
[15:32:58.928]        // skip if-block "!isSWJ"
[15:32:58.928]      </control>
[15:32:58.928]      <block atomic="false" info="">
[15:32:58.928]        ReadDP(0x0);
[15:32:58.943]  
[15:32:58.943]  !!! E310 : Debug access failed - cannot read DP register 0x00
[15:32:58.943]  
[15:32:58.945]          // -> [ReadDP(0x00000000) => 0x6BA02477]   (__dp=0x00000000)
[15:32:58.945]      </block>
[15:32:58.945]      // end if-block "protType == 2"
[15:32:58.945]    </control>
[15:32:58.947]  </sequence>
[15:32:58.947]  
[15:33:51.114]  **********  Sequence "DebugPortSetup"  (Context="Connect", Pname="", info="")
[15:33:51.114]  
[15:33:51.114]  <debugvars>
[15:33:51.116]    // Pre-defined
[15:33:51.116]    __protocol=0x00010002      (Protocol="SWD", SWJ-DP="True")
[15:33:51.116]    __connection=0x00000202    (Connection Type="Flash", Reset Type="System Reset")
[15:33:51.116]    __dp=0x00000000
[15:33:51.116]    __ap=0x00000000
[15:33:51.116]    __traceout=0x00000000      (Trace Disabled)
[15:33:51.116]    __errorcontrol=0x00000000  (Skip Errors="False")
[15:33:51.116]    __FlashAddr=0x00000000
[15:33:51.116]    __FlashLen=0x00000000
[15:33:51.116]    __FlashArg=0x00000000
[15:33:51.116]    __FlashOp=0x00000000
[15:33:51.116]    __Result=0x00000000
[15:33:51.116]  </debugvars>
[15:33:51.116]  
[15:33:51.116]  <sequence name="DebugPortSetup" Pname="" disable="false" info="">
[15:33:51.118]    <block atomic="false" info="">
[15:33:51.118]      __var isSWJ      = ((__protocol & 0x00010000) != 0);
[15:33:51.118]        // -> [isSWJ <= 0x00000001]
[15:33:51.118]      __var hasDormant = __protocol & 0x00020000;
[15:33:51.118]        // -> [hasDormant <= 0x00000000]
[15:33:51.118]      __var protType   = __protocol & 0x0000FFFF;
[15:33:51.119]        // -> [protType <= 0x00000002]
[15:33:51.119]    </block>
[15:33:51.119]    <control if="protType == 1" while="" timeout="0" info="">
[15:33:51.119]      // if-block "protType == 1"
[15:33:51.119]        // =>  FALSE
[15:33:51.119]      // skip if-block "protType == 1"
[15:33:51.119]    </control>
[15:33:51.119]    <control if="protType == 2" while="" timeout="0" info="">
[15:33:51.119]      // if-block "protType == 2"
[15:33:51.119]        // =>  TRUE
[15:33:51.119]      <control if="isSWJ" while="" timeout="0" info="">
[15:33:51.119]        // if-block "isSWJ"
[15:33:51.119]          // =>  TRUE
[15:33:51.119]        <control if="hasDormant" while="" timeout="0" info="">
[15:33:51.119]          // if-block "hasDormant"
[15:33:51.119]            // =>  FALSE
[15:33:51.119]          // skip if-block "hasDormant"
[15:33:51.119]        </control>
[15:33:51.119]        <control if="!hasDormant" while="" timeout="0" info="">
[15:33:51.119]          // if-block "!hasDormant"
[15:33:51.119]            // =>  TRUE
[15:33:51.119]          <block atomic="false" info="">
[15:33:51.119]            DAP_SWJ_Sequence(51, 0x0007FFFFFFFFFFFF); //lets put the JTAG line in a reset state
[15:33:51.124]              // -> [DAP_SWJ_Sequence(51, 0x0007FFFFFFFFFFFF)]
[15:33:51.124]            DAP_SWJ_Sequence(16,0xE73C); //SWD to JTAG, this is to ensure the state machine is initialized
[15:33:51.124]              // -> [DAP_SWJ_Sequence(16, 0x000000000000E73C)]
[15:33:51.124]            DAP_SWJ_Sequence(51, 0x0007FFFFFFFFFFFF); //Put it back in reset
[15:33:51.129]              // -> [DAP_SWJ_Sequence(51, 0x0007FFFFFFFFFFFF)]
[15:33:51.129]            DAP_SWJ_Sequence(16, 0xE79E); //JTAG to SWD switch
[15:33:51.129]              // -> [DAP_SWJ_Sequence(16, 0x000000000000E79E)]
[15:33:51.129]            DAP_SWJ_Sequence(51, 0x0007FFFFFFFFFFFF);  //Ensure the switch is successful 
[15:33:51.134]              // -> [DAP_SWJ_Sequence(51, 0x0007FFFFFFFFFFFF)]
[15:33:51.134]            DAP_SWJ_Sequence(7,  0x00); //Give the line some time to initialize
[15:33:51.134]              // -> [DAP_SWJ_Sequence(7, 0x0000000000000000)]
[15:33:51.134]          </block>
[15:33:51.137]          // end if-block "!hasDormant"
[15:33:51.137]        </control>
[15:33:51.137]        // end if-block "isSWJ"
[15:33:51.137]      </control>
[15:33:51.137]      <control if="!isSWJ" while="" timeout="0" info="">
[15:33:51.137]        // if-block "!isSWJ"
[15:33:51.137]          // =>  FALSE
[15:33:51.137]        // skip if-block "!isSWJ"
[15:33:51.137]      </control>
[15:33:51.137]      <block atomic="false" info="">
[15:33:51.137]        ReadDP(0x0);
[15:33:51.150]  
[15:33:51.150]  !!! E310 : Debug access failed - cannot read DP register 0x00
[15:33:51.150]  
[15:33:51.150]          // -> [ReadDP(0x00000000) => 0x6BA02477]   (__dp=0x00000000)
[15:33:51.150]      </block>
[15:33:51.152]      // end if-block "protType == 2"
[15:33:51.152]    </control>
[15:33:51.152]  </sequence>
[15:33:51.152]  
[15:37:34.512]  **********  Sequence "DebugPortSetup"  (Context="Connect", Pname="", info="")
[15:37:34.512]  
[15:37:34.512]  <debugvars>
[15:37:34.512]    // Pre-defined
[15:37:34.512]    __protocol=0x00010002      (Protocol="SWD", SWJ-DP="True")
[15:37:34.512]    __connection=0x00000202    (Connection Type="Flash", Reset Type="System Reset")
[15:37:34.512]    __dp=0x00000000
[15:37:34.512]    __ap=0x00000000
[15:37:34.512]    __traceout=0x00000000      (Trace Disabled)
[15:37:34.512]    __errorcontrol=0x00000000  (Skip Errors="False")
[15:37:34.512]    __FlashAddr=0x00000000
[15:37:34.512]    __FlashLen=0x00000000
[15:37:34.512]    __FlashArg=0x00000000
[15:37:34.512]    __FlashOp=0x00000000
[15:37:34.514]    __Result=0x00000000
[15:37:34.514]  </debugvars>
[15:37:34.514]  
[15:37:34.514]  <sequence name="DebugPortSetup" Pname="" disable="false" info="">
[15:37:34.514]    <block atomic="false" info="">
[15:37:34.514]      __var isSWJ      = ((__protocol & 0x00010000) != 0);
[15:37:34.514]        // -> [isSWJ <= 0x00000001]
[15:37:34.515]      __var hasDormant = __protocol & 0x00020000;
[15:37:34.515]        // -> [hasDormant <= 0x00000000]
[15:37:34.515]      __var protType   = __protocol & 0x0000FFFF;
[15:37:34.515]        // -> [protType <= 0x00000002]
[15:37:34.515]    </block>
[15:37:34.515]    <control if="protType == 1" while="" timeout="0" info="">
[15:37:34.515]      // if-block "protType == 1"
[15:37:34.515]        // =>  FALSE
[15:37:34.515]      // skip if-block "protType == 1"
[15:37:34.515]    </control>
[15:37:34.515]    <control if="protType == 2" while="" timeout="0" info="">
[15:37:34.515]      // if-block "protType == 2"
[15:37:34.515]        // =>  TRUE
[15:37:34.515]      <control if="isSWJ" while="" timeout="0" info="">
[15:37:34.515]        // if-block "isSWJ"
[15:37:34.515]          // =>  TRUE
[15:37:34.515]        <control if="hasDormant" while="" timeout="0" info="">
[15:37:34.515]          // if-block "hasDormant"
[15:37:34.515]            // =>  FALSE
[15:37:34.515]          // skip if-block "hasDormant"
[15:37:34.518]        </control>
[15:37:34.518]        <control if="!hasDormant" while="" timeout="0" info="">
[15:37:34.518]          // if-block "!hasDormant"
[15:37:34.518]            // =>  TRUE
[15:37:34.518]          <block atomic="false" info="">
[15:37:34.518]            DAP_SWJ_Sequence(51, 0x0007FFFFFFFFFFFF); //lets put the JTAG line in a reset state
[15:37:34.520]              // -> [DAP_SWJ_Sequence(51, 0x0007FFFFFFFFFFFF)]
[15:37:34.520]            DAP_SWJ_Sequence(16,0xE73C); //SWD to JTAG, this is to ensure the state machine is initialized
[15:37:34.522]              // -> [DAP_SWJ_Sequence(16, 0x000000000000E73C)]
[15:37:34.522]            DAP_SWJ_Sequence(51, 0x0007FFFFFFFFFFFF); //Put it back in reset
[15:37:34.522]              // -> [DAP_SWJ_Sequence(51, 0x0007FFFFFFFFFFFF)]
[15:37:34.525]            DAP_SWJ_Sequence(16, 0xE79E); //JTAG to SWD switch
[15:37:34.528]              // -> [DAP_SWJ_Sequence(16, 0x000000000000E79E)]
[15:37:34.528]            DAP_SWJ_Sequence(51, 0x0007FFFFFFFFFFFF);  //Ensure the switch is successful 
[15:37:34.528]              // -> [DAP_SWJ_Sequence(51, 0x0007FFFFFFFFFFFF)]
[15:37:34.528]            DAP_SWJ_Sequence(7,  0x00); //Give the line some time to initialize
[15:37:34.530]              // -> [DAP_SWJ_Sequence(7, 0x0000000000000000)]
[15:37:34.530]          </block>
[15:37:34.530]          // end if-block "!hasDormant"
[15:37:34.530]        </control>
[15:37:34.530]        // end if-block "isSWJ"
[15:37:34.530]      </control>
[15:37:34.530]      <control if="!isSWJ" while="" timeout="0" info="">
[15:37:34.530]        // if-block "!isSWJ"
[15:37:34.530]          // =>  FALSE
[15:37:34.530]        // skip if-block "!isSWJ"
[15:37:34.530]      </control>
[15:37:34.530]      <block atomic="false" info="">
[15:37:34.530]        ReadDP(0x0);
[15:37:34.547]  
[15:37:34.547]  !!! E310 : Debug access failed - cannot read DP register 0x00
[15:37:34.547]  
[15:37:34.549]          // -> [ReadDP(0x00000000) => 0x6BA02477]   (__dp=0x00000000)
[15:37:34.551]      </block>
[15:37:34.551]      // end if-block "protType == 2"
[15:37:34.551]    </control>
[15:37:34.551]  </sequence>
[15:37:34.551]  
[15:38:37.209]  **********  Sequence "DebugPortSetup"  (Context="Connect", Pname="", info="")
[15:38:37.209]  
[15:38:37.209]  <debugvars>
[15:38:37.209]    // Pre-defined
[15:38:37.209]    __protocol=0x00010002      (Protocol="SWD", SWJ-DP="True")
[15:38:37.209]    __connection=0x00000202    (Connection Type="Flash", Reset Type="System Reset")
[15:38:37.209]    __dp=0x00000000
[15:38:37.209]    __ap=0x00000000
[15:38:37.209]    __traceout=0x00000000      (Trace Disabled)
[15:38:37.209]    __errorcontrol=0x00000000  (Skip Errors="False")
[15:38:37.209]    __FlashAddr=0x00000000
[15:38:37.209]    __FlashLen=0x00000000
[15:38:37.209]    __FlashArg=0x00000000
[15:38:37.209]    __FlashOp=0x00000000
[15:38:37.212]    __Result=0x00000000
[15:38:37.212]  </debugvars>
[15:38:37.212]  
[15:38:37.212]  <sequence name="DebugPortSetup" Pname="" disable="false" info="">
[15:38:37.212]    <block atomic="false" info="">
[15:38:37.212]      __var isSWJ      = ((__protocol & 0x00010000) != 0);
[15:38:37.212]        // -> [isSWJ <= 0x00000001]
[15:38:37.212]      __var hasDormant = __protocol & 0x00020000;
[15:38:37.212]        // -> [hasDormant <= 0x00000000]
[15:38:37.212]      __var protType   = __protocol & 0x0000FFFF;
[15:38:37.212]        // -> [protType <= 0x00000002]
[15:38:37.212]    </block>
[15:38:37.212]    <control if="protType == 1" while="" timeout="0" info="">
[15:38:37.212]      // if-block "protType == 1"
[15:38:37.212]        // =>  FALSE
[15:38:37.212]      // skip if-block "protType == 1"
[15:38:37.212]    </control>
[15:38:37.212]    <control if="protType == 2" while="" timeout="0" info="">
[15:38:37.212]      // if-block "protType == 2"
[15:38:37.212]        // =>  TRUE
[15:38:37.212]      <control if="isSWJ" while="" timeout="0" info="">
[15:38:37.212]        // if-block "isSWJ"
[15:38:37.212]          // =>  TRUE
[15:38:37.212]        <control if="hasDormant" while="" timeout="0" info="">
[15:38:37.212]          // if-block "hasDormant"
[15:38:37.212]            // =>  FALSE
[15:38:37.212]          // skip if-block "hasDormant"
[15:38:37.212]        </control>
[15:38:37.212]        <control if="!hasDormant" while="" timeout="0" info="">
[15:38:37.212]          // if-block "!hasDormant"
[15:38:37.212]            // =>  TRUE
[15:38:37.217]          <block atomic="false" info="">
[15:38:37.217]            DAP_SWJ_Sequence(51, 0x0007FFFFFFFFFFFF); //lets put the JTAG line in a reset state
[15:38:37.219]              // -> [DAP_SWJ_Sequence(51, 0x0007FFFFFFFFFFFF)]
[15:38:37.219]            DAP_SWJ_Sequence(16,0xE73C); //SWD to JTAG, this is to ensure the state machine is initialized
[15:38:37.221]              // -> [DAP_SWJ_Sequence(16, 0x000000000000E73C)]
[15:38:37.221]            DAP_SWJ_Sequence(51, 0x0007FFFFFFFFFFFF); //Put it back in reset
[15:38:37.224]              // -> [DAP_SWJ_Sequence(51, 0x0007FFFFFFFFFFFF)]
[15:38:37.224]            DAP_SWJ_Sequence(16, 0xE79E); //JTAG to SWD switch
[15:38:37.224]              // -> [DAP_SWJ_Sequence(16, 0x000000000000E79E)]
[15:38:37.224]            DAP_SWJ_Sequence(51, 0x0007FFFFFFFFFFFF);  //Ensure the switch is successful 
[15:38:37.227]              // -> [DAP_SWJ_Sequence(51, 0x0007FFFFFFFFFFFF)]
[15:38:37.228]            DAP_SWJ_Sequence(7,  0x00); //Give the line some time to initialize
[15:38:37.229]              // -> [DAP_SWJ_Sequence(7, 0x0000000000000000)]
[15:38:37.229]          </block>
[15:38:37.229]          // end if-block "!hasDormant"
[15:38:37.229]        </control>
[15:38:37.229]        // end if-block "isSWJ"
[15:38:37.229]      </control>
[15:38:37.229]      <control if="!isSWJ" while="" timeout="0" info="">
[15:38:37.231]        // if-block "!isSWJ"
[15:38:37.231]          // =>  FALSE
[15:38:37.231]        // skip if-block "!isSWJ"
[15:38:37.231]      </control>
[15:38:37.231]      <block atomic="false" info="">
[15:38:37.231]        ReadDP(0x0);
[15:38:37.234]          // -> [ReadDP(0x00000000) => 0x6BA02477]   (__dp=0x00000000)
[15:38:37.234]      </block>
[15:38:37.234]      // end if-block "protType == 2"
[15:38:37.234]    </control>
[15:38:37.235]  </sequence>
[15:38:37.235]  
[15:38:37.239]  **********  Sequence "DebugPortStart"  (Context="Connect", Pname="", info="")
[15:38:37.239]  
[15:38:37.239]  <debugvars>
[15:38:37.239]    // Pre-defined
[15:38:37.239]    __protocol=0x00010002      (Protocol="SWD", SWJ-DP="True")
[15:38:37.239]    __connection=0x00000202    (Connection Type="Flash", Reset Type="System Reset")
[15:38:37.239]    __dp=0x00000000
[15:38:37.239]    __ap=0x00000000
[15:38:37.239]    __traceout=0x00000000      (Trace Disabled)
[15:38:37.239]    __errorcontrol=0x00000000  (Skip Errors="False")
[15:38:37.239]    __FlashAddr=0x00000000
[15:38:37.239]    __FlashLen=0x00000000
[15:38:37.239]    __FlashArg=0x00000000
[15:38:37.239]    __FlashOp=0x00000000
[15:38:37.239]    __Result=0x00000000
[15:38:37.239]  </debugvars>
[15:38:37.239]  
[15:38:37.242]  <sequence name="DebugPortStart" Pname="" disable="false" info="">
[15:38:37.242]    <block atomic="false" info="">
[15:38:37.242]      __var SW_DP_ABORT       = 0x0;
[15:38:37.242]        // -> [SW_DP_ABORT <= 0x00000000]
[15:38:37.242]      __var DP_CTRL_STAT      = 0x4;
[15:38:37.242]        // -> [DP_CTRL_STAT <= 0x00000004]
[15:38:37.242]      __var DP_SELECT         = 0x8;
[15:38:37.242]        // -> [DP_SELECT <= 0x00000008]
[15:38:37.242]      __var powered_down      = 0;
[15:38:37.243]        // -> [powered_down <= 0x00000000]
[15:38:37.243]      WriteDP(DP_SELECT, 0x00000000);
[15:38:37.244]        // -> [WriteDP(0x00000008, 0x00000000)]   (__dp=0x00000000)
[15:38:37.244]      powered_down = ((ReadDP(DP_CTRL_STAT) & 0xA0000000) != 0xA0000000);
[15:38:37.246]        // -> [ReadDP(0x00000004) => 0x00000040]   (__dp=0x00000000)
[15:38:37.246]        // -> [powered_down <= 0x00000001]
[15:38:37.246]    </block>
[15:38:37.246]    <control if="powered_down" while="" timeout="0" info="">
[15:38:37.246]      // if-block "powered_down"
[15:38:37.248]        // =>  TRUE
[15:38:37.248]      <block atomic="false" info="">
[15:38:37.248]        Message(0, "Debug/System power-up request sent");
[15:38:37.250]        WriteDP(DP_CTRL_STAT, 0x50000000);
[15:38:37.250]          // -> [WriteDP(0x00000004, 0x50000000)]   (__dp=0x00000000)
[15:38:37.250]      </block>
[15:38:37.250]      <control if="" while="(ReadDP(DP_CTRL_STAT) & 0xA0000000) != 0xA0000000" timeout="1000000" info="">
[15:38:37.250]        // while "(ReadDP(DP_CTRL_STAT) & 0xA0000000) != 0xA0000000"  (timeout="1000000")
[15:38:37.255]          // -> [ReadDP(0x00000004) => 0xF0000040]   (__dp=0x00000000)
[15:38:37.255]        // while-condition  =>  FALSE
[15:38:37.255]        // end while "(ReadDP(DP_CTRL_STAT) & 0xA0000000) != 0xA0000000"
[15:38:37.257]      </control>
[15:38:37.257]      <control if="(__protocol & 0xFFFF) == 1" while="" timeout="0" info="">
[15:38:37.257]        // if-block "(__protocol & 0xFFFF) == 1"
[15:38:37.257]          // =>  FALSE
[15:38:37.257]        // skip if-block "(__protocol & 0xFFFF) == 1"
[15:38:37.257]      </control>
[15:38:37.257]      <control if="(__protocol & 0xFFFF) == 2" while="" timeout="0" info="">
[15:38:37.257]        // if-block "(__protocol & 0xFFFF) == 2"
[15:38:37.257]          // =>  TRUE
[15:38:37.257]        <block atomic="false" info="">
[15:38:37.257]          Message(0, "executing SWD power up");
[15:38:37.260]          WriteDP(DP_CTRL_STAT, 0x50000F00);
[15:38:37.262]            // -> [WriteDP(0x00000004, 0x50000F00)]   (__dp=0x00000000)
[15:38:37.262]          WriteDP(SW_DP_ABORT, 0x0000001E);
[15:38:37.264]            // -> [WriteDP(0x00000000, 0x0000001E)]   (__dp=0x00000000)
[15:38:37.265]        </block>
[15:38:37.265]        // end if-block "(__protocol & 0xFFFF) == 2"
[15:38:37.265]      </control>
[15:38:37.265]      // end if-block "powered_down"
[15:38:37.265]    </control>
[15:38:37.265]    <block atomic="false" info="">
[15:38:37.265]      __var DEBUG_PORT_VAL    = 0;
[15:38:37.265]        // -> [DEBUG_PORT_VAL <= 0x00000000]
[15:38:37.265]      __var ACCESS_POINT_VAL  = 0;
[15:38:37.265]        // -> [ACCESS_POINT_VAL <= 0x00000000]
[15:38:37.265]      __ap = 1; 
[15:38:37.265]        // -> [__ap <= 0x00000001]
[15:38:37.265]      WriteAP(0x0C, 0x04); //lets use the mini pwr-ap as backup
[15:38:37.271]        // -> [WriteAP(0x0000000C, 0x00000004)]   (__dp=0x00000000, __ap=0x00000001)
[15:38:37.271]      __ap = 4;
[15:38:37.271]        // -> [__ap <= 0x00000004]
[15:38:37.271]      ACCESS_POINT_VAL = ReadAP(0x00);//Reading current state of access point
[15:38:37.275]        // -> [ReadAP(0x00000000) => 0x00080027]   (__dp=0x00000000, __ap=0x00000004)
[15:38:37.275]        // -> [ACCESS_POINT_VAL <= 0x00080027]
[15:38:37.275]      Message(0, "Current state of access point is: %x",ACCESS_POINT_VAL);
[15:38:37.277]    </block>
[15:38:37.277]    <block atomic="false" info="">
[15:38:37.277]      __var nReset = 0x80;
[15:38:37.277]        // -> [nReset <= 0x00000080]
[15:38:37.279]      __var canReadPins = 0;
[15:38:37.279]        // -> [canReadPins <= 0x00000000]
[15:38:37.279]      canReadPins = (DAP_SWJ_Pins(0x00, nReset, 0) != 0xFFFFFFFF);
[15:38:37.281]        // -> [DAP_SWJ_Pins(0x00, 0x80, 0) => 0x0F]   (Out: nRESET=0  =>  In: SWCLK/TCK=1, SWDIO/TMS=1, TDI=1, TDO=1, nTRST=0, nRESET=0)
[15:38:37.281]        // -> [canReadPins <= 0x00000001]
[15:38:37.281]    </block>
[15:38:37.283]    <control if="" while="1" timeout="200" info="">
[15:38:37.283]      // while "1"  (timeout="200")
[15:38:37.283]      // while-condition  =>  TRUE
[15:38:37.283]      // while "1"  (timeout="200")
[15:38:37.283]      // while-condition  =>  TRUE
[15:38:37.283]      // while "1"  (timeout="200")
[15:38:37.283]      // while-condition  =>  TRUE
[15:38:37.283]      // while "1"  (timeout="200")
[15:38:37.283]      // while-condition  =>  TRUE
[15:38:37.283]      // while "1"  (timeout="200")
[15:38:37.283]      // while-condition  =>  TRUE
[15:38:37.283]      // while "1"  (timeout="200")
[15:38:37.283]      // while-condition  =>  TRUE
[15:38:37.283]      // while "1"  (timeout="200")
[15:38:37.285]      // while-condition  =>  TRUE
[15:38:37.285]      // while "1"  (timeout="200")
[15:38:37.285]      // while-condition  =>  TRUE
[15:38:37.285]      // while "1"  (timeout="200")
[15:38:37.285]      // while-condition  =>  TRUE
[15:38:37.285]      // while "1"  (timeout="200")
[15:38:37.285]      // while-condition  =>  TRUE
[15:38:37.285]      // while "1"  (timeout="200")
[15:38:37.285]      // while-condition  =>  TRUE
[15:38:37.285]      // while "1"  (timeout="200")
[15:38:37.285]      // while-condition  =>  TRUE
[15:38:37.285]      // while "1"  (timeout="200")
[15:38:37.285]      // while-condition  =>  TRUE
[15:38:37.285]      // while "1"  (timeout="200")
[15:38:37.285]      // while-condition  =>  TRUE
[15:38:37.285]      // while "1"  (timeout="200")
[15:38:37.288]      // while-condition  =>  TRUE
[15:38:37.288]      // while "1"  (timeout="200")
[15:38:37.288]      // while-condition  =>  TRUE
[15:38:37.288]      // while "1"  (timeout="200")
[15:38:37.288]      // while-condition  =>  TRUE
[15:38:37.288]      // while "1"  (timeout="200")
[15:38:37.288]      // while-condition  =>  TRUE
[15:38:37.288]      // while "1"  (timeout="200")
[15:38:37.288]      // while-condition  =>  TRUE
[15:38:37.288]      // while "1"  (timeout="200")
[15:38:37.288]      // while-condition  =>  TRUE
[15:38:37.288]      // while "1"  (timeout="200")
[15:38:37.288]      // while-condition  =>  TRUE
[15:38:37.288]      // while "1"  (timeout="200")
[15:38:37.288]      // while-condition  =>  TRUE
[15:38:37.290]      // while "1"  (timeout="200")
[15:38:37.290]      // while  =>  TIMEOUT
[15:38:37.290]      // end while "1"
[15:38:37.290]    </control>
[15:38:37.290]    <control if="canReadPins" while="" timeout="0" info="">
[15:38:37.290]      // if-block "canReadPins"
[15:38:37.290]        // =>  TRUE
[15:38:37.290]      <control if="" while="(DAP_SWJ_Pins(nReset, nReset, 0) & nReset) == 0" timeout="1000000" info="">
[15:38:37.290]        // while "(DAP_SWJ_Pins(nReset, nReset, 0) & nReset) == 0"  (timeout="1000000")
[15:38:37.292]          // -> [DAP_SWJ_Pins(0x80, 0x80, 0) => 0x8F]   (Out: nRESET=1  =>  In: SWCLK/TCK=1, SWDIO/TMS=1, TDI=1, TDO=1, nTRST=0, nRESET=1)
[15:38:37.292]        // while-condition  =>  FALSE
[15:38:37.292]        // end while "(DAP_SWJ_Pins(nReset, nReset, 0) & nReset) == 0"
[15:38:37.292]      </control>
[15:38:37.292]      // end if-block "canReadPins"
[15:38:37.294]    </control>
[15:38:37.294]    <control if="!canReadPins" while="" timeout="0" info="">
[15:38:37.294]      // if-block "!canReadPins"
[15:38:37.294]        // =>  FALSE
[15:38:37.294]      // skip if-block "!canReadPins"
[15:38:37.294]    </control>
[15:38:37.295]    <control if="(ACCESS_POINT_VAL & 0x00E00000) == 0" while="" timeout="0" info="">
[15:38:37.295]      // if-block "(ACCESS_POINT_VAL & 0x00E00000) == 0"
[15:38:37.295]        // =>  TRUE
[15:38:37.295]      <block atomic="false" info="">
[15:38:37.295]        WriteAP(0x00, 0x190008);
[15:38:37.297]          // -> [WriteAP(0x00000000, 0x00190008)]   (__dp=0x00000000, __ap=0x00000004)
[15:38:37.297]        WriteAP(0xF0, 0x01);
[15:38:37.300]          // -> [WriteAP(0x000000F0, 0x00000001)]   (__dp=0x00000000, __ap=0x00000004)
[15:38:37.302]      </block>
[15:38:37.302]      // end if-block "(ACCESS_POINT_VAL & 0x00E00000) == 0"
[15:38:37.302]    </control>
[15:38:37.302]    <control if="(ACCESS_POINT_VAL & 0x00E00000) != 0" while="" timeout="0" info="">
[15:38:37.302]      // if-block "(ACCESS_POINT_VAL & 0x00E00000) != 0"
[15:38:37.302]        // =>  FALSE
[15:38:37.302]      // skip if-block "(ACCESS_POINT_VAL & 0x00E00000) != 0"
[15:38:37.302]    </control>
[15:38:37.302]    <block atomic="false" info="">
[15:38:37.302]      ACCESS_POINT_VAL = ReadAP(0x00);//Reading current state of access point
[15:38:37.308]        // -> [ReadAP(0x00000000) => 0x0079002F]   (__dp=0x00000000, __ap=0x00000004)
[15:38:37.308]        // -> [ACCESS_POINT_VAL <= 0x0079002F]
[15:38:37.308]      Message(0, "Current state of access point is: %x",ACCESS_POINT_VAL);
[15:38:37.310]      __ap = 0; //lets make sure we reset the access point selection
[15:38:37.310]        // -> [__ap <= 0x00000000]
[15:38:37.310]    </block>
[15:38:37.310]  </sequence>
[15:38:37.311]  
[15:38:37.331]  **********  Sequence "DebugDeviceUnlock"  (Context="Connect", Pname="", info="")
[15:38:37.331]  
[15:38:37.331]  <debugvars>
[15:38:37.331]    // Pre-defined
[15:38:37.331]    __protocol=0x00010002      (Protocol="SWD", SWJ-DP="True")
[15:38:37.331]    __connection=0x00000202    (Connection Type="Flash", Reset Type="System Reset")
[15:38:37.332]    __dp=0x00000000
[15:38:37.332]    __ap=0x00000000
[15:38:37.332]    __traceout=0x00000000      (Trace Disabled)
[15:38:37.332]    __errorcontrol=0x00000000  (Skip Errors="False")
[15:38:37.332]    __FlashAddr=0x00000000
[15:38:37.332]    __FlashLen=0x00000000
[15:38:37.332]    __FlashArg=0x00000000
[15:38:37.332]    __FlashOp=0x00000000
[15:38:37.332]    __Result=0x00000000
[15:38:37.332]  </debugvars>
[15:38:37.332]  
[15:38:37.332]  <sequence name="DebugDeviceUnlock" Pname="" disable="false" info="">
[15:38:37.332]    <block atomic="false" info="">
[15:38:37.332]      __var deviceID = 0;
[15:38:37.332]        // -> [deviceID <= 0x00000000]
[15:38:37.334]      __var version = 0;
[15:38:37.334]        // -> [version <= 0x00000000]
[15:38:37.334]      __var partNum = 0;
[15:38:37.334]        // -> [partNum <= 0x00000000]
[15:38:37.334]      __var manuf = 0;
[15:38:37.334]        // -> [manuf <= 0x00000000]
[15:38:37.334]      __var isMSPM0G1X0X_G3X0X = 0;
[15:38:37.334]        // -> [isMSPM0G1X0X_G3X0X <= 0x00000000]
[15:38:37.334]      __var isProduction = 0;
[15:38:37.334]        // -> [isProduction <= 0x00000000]
[15:38:37.334]      __var continueId = 0;
[15:38:37.334]        // -> [continueId <= 0x00000000]
[15:38:37.334]      deviceID =   Read32(0x41C40004);
[15:38:37.341]        // -> [Read32(0x41C40004) => 0x2BB8802F]   (__dp=0x00000000, __ap=0x00000000)
[15:38:37.342]        // -> [deviceID <= 0x2BB8802F]
[15:38:37.342]      version = deviceID >> 28;
[15:38:37.342]        // -> [version <= 0x00000002]
[15:38:37.342]      partNum = (deviceID & 0x0FFFF000) >> 12;
[15:38:37.342]        // -> [partNum <= 0x0000BB88]
[15:38:37.342]      manuf = (deviceID & 0x00000FFE) >> 1;
[15:38:37.342]        // -> [manuf <= 0x00000017]
[15:38:37.342]      isMSPM0G1X0X_G3X0X = (partNum == 0xBB88) && (manuf == 0x17);
[15:38:37.342]        // -> [isMSPM0G1X0X_G3X0X <= 0x00000001]
[15:38:37.344]      isProduction = (version > 0);
[15:38:37.344]        // -> [isProduction <= 0x00000001]
[15:38:37.344]    </block>
[15:38:37.344]    <control if="!isMSPM0G1X0X_G3X0X" while="" timeout="0" info="">
[15:38:37.344]      // if-block "!isMSPM0G1X0X_G3X0X"
[15:38:37.344]        // =>  FALSE
[15:38:37.344]      // skip if-block "!isMSPM0G1X0X_G3X0X"
[15:38:37.345]    </control>
[15:38:37.345]    <control if="continueId == 4" while="" timeout="0" info="">
[15:38:37.345]      // if-block "continueId == 4"
[15:38:37.345]        // =>  FALSE
[15:38:37.345]      // skip if-block "continueId == 4"
[15:38:37.345]    </control>
[15:38:37.345]    <control if="!isProduction" while="" timeout="0" info="">
[15:38:37.345]      // if-block "!isProduction"
[15:38:37.345]        // =>  FALSE
[15:38:37.345]      // skip if-block "!isProduction"
[15:38:37.345]    </control>
[15:38:37.345]  </sequence>
[15:38:37.345]  
[15:51:19.419]  **********  Sequence "DebugPortSetup"  (Context="Connect", Pname="", info="")
[15:51:19.419]  
[15:51:19.419]  <debugvars>
[15:51:19.419]    // Pre-defined
[15:51:19.420]    __protocol=0x00010002      (Protocol="SWD", SWJ-DP="True")
[15:51:19.420]    __connection=0x00000202    (Connection Type="Flash", Reset Type="System Reset")
[15:51:19.420]    __dp=0x00000000
[15:51:19.420]    __ap=0x00000000
[15:51:19.420]    __traceout=0x00000000      (Trace Disabled)
[15:51:19.420]    __errorcontrol=0x00000000  (Skip Errors="False")
[15:51:19.420]    __FlashAddr=0x00000000
[15:51:19.420]    __FlashLen=0x00000000
[15:51:19.420]    __FlashArg=0x00000000
[15:51:19.420]    __FlashOp=0x00000000
[15:51:19.420]    __Result=0x00000000
[15:51:19.420]  </debugvars>
[15:51:19.420]  
[15:51:19.420]  <sequence name="DebugPortSetup" Pname="" disable="false" info="">
[15:51:19.420]    <block atomic="false" info="">
[15:51:19.420]      __var isSWJ      = ((__protocol & 0x00010000) != 0);
[15:51:19.420]        // -> [isSWJ <= 0x00000001]
[15:51:19.422]      __var hasDormant = __protocol & 0x00020000;
[15:51:19.422]        // -> [hasDormant <= 0x00000000]
[15:51:19.422]      __var protType   = __protocol & 0x0000FFFF;
[15:51:19.422]        // -> [protType <= 0x00000002]
[15:51:19.423]    </block>
[15:51:19.423]    <control if="protType == 1" while="" timeout="0" info="">
[15:51:19.423]      // if-block "protType == 1"
[15:51:19.423]        // =>  FALSE
[15:51:19.423]      // skip if-block "protType == 1"
[15:51:19.423]    </control>
[15:51:19.423]    <control if="protType == 2" while="" timeout="0" info="">
[15:51:19.423]      // if-block "protType == 2"
[15:51:19.423]        // =>  TRUE
[15:51:19.423]      <control if="isSWJ" while="" timeout="0" info="">
[15:51:19.423]        // if-block "isSWJ"
[15:51:19.423]          // =>  TRUE
[15:51:19.423]        <control if="hasDormant" while="" timeout="0" info="">
[15:51:19.423]          // if-block "hasDormant"
[15:51:19.426]            // =>  FALSE
[15:51:19.426]          // skip if-block "hasDormant"
[15:51:19.426]        </control>
[15:51:19.426]        <control if="!hasDormant" while="" timeout="0" info="">
[15:51:19.426]          // if-block "!hasDormant"
[15:51:19.426]            // =>  TRUE
[15:51:19.426]          <block atomic="false" info="">
[15:51:19.426]            DAP_SWJ_Sequence(51, 0x0007FFFFFFFFFFFF); //lets put the JTAG line in a reset state
[15:51:19.428]              // -> [DAP_SWJ_Sequence(51, 0x0007FFFFFFFFFFFF)]
[15:51:19.428]            DAP_SWJ_Sequence(16,0xE73C); //SWD to JTAG, this is to ensure the state machine is initialized
[15:51:19.428]              // -> [DAP_SWJ_Sequence(16, 0x000000000000E73C)]
[15:51:19.431]            DAP_SWJ_Sequence(51, 0x0007FFFFFFFFFFFF); //Put it back in reset
[15:51:19.431]              // -> [DAP_SWJ_Sequence(51, 0x0007FFFFFFFFFFFF)]
[15:51:19.433]            DAP_SWJ_Sequence(16, 0xE79E); //JTAG to SWD switch
[15:51:19.434]              // -> [DAP_SWJ_Sequence(16, 0x000000000000E79E)]
[15:51:19.436]            DAP_SWJ_Sequence(51, 0x0007FFFFFFFFFFFF);  //Ensure the switch is successful 
[15:51:19.437]              // -> [DAP_SWJ_Sequence(51, 0x0007FFFFFFFFFFFF)]
[15:51:19.437]            DAP_SWJ_Sequence(7,  0x00); //Give the line some time to initialize
[15:51:19.439]              // -> [DAP_SWJ_Sequence(7, 0x0000000000000000)]
[15:51:19.439]          </block>
[15:51:19.439]          // end if-block "!hasDormant"
[15:51:19.439]        </control>
[15:51:19.439]        // end if-block "isSWJ"
[15:51:19.439]      </control>
[15:51:19.439]      <control if="!isSWJ" while="" timeout="0" info="">
[15:51:19.441]        // if-block "!isSWJ"
[15:51:19.441]          // =>  FALSE
[15:51:19.441]        // skip if-block "!isSWJ"
[15:51:19.441]      </control>
[15:51:19.441]      <block atomic="false" info="">
[15:51:19.441]        ReadDP(0x0);
[15:51:19.443]          // -> [ReadDP(0x00000000) => 0x6BA02477]   (__dp=0x00000000)
[15:51:19.443]      </block>
[15:51:19.443]      // end if-block "protType == 2"
[15:51:19.444]    </control>
[15:51:19.444]  </sequence>
[15:51:19.444]  
[15:51:19.444]  **********  Sequence "DebugPortStart"  (Context="Connect", Pname="", info="")
[15:51:19.444]  
[15:51:19.444]  <debugvars>
[15:51:19.444]    // Pre-defined
[15:51:19.444]    __protocol=0x00010002      (Protocol="SWD", SWJ-DP="True")
[15:51:19.444]    __connection=0x00000202    (Connection Type="Flash", Reset Type="System Reset")
[15:51:19.450]    __dp=0x00000000
[15:51:19.450]    __ap=0x00000000
[15:51:19.450]    __traceout=0x00000000      (Trace Disabled)
[15:51:19.450]    __errorcontrol=0x00000000  (Skip Errors="False")
[15:51:19.450]    __FlashAddr=0x00000000
[15:51:19.450]    __FlashLen=0x00000000
[15:51:19.450]    __FlashArg=0x00000000
[15:51:19.450]    __FlashOp=0x00000000
[15:51:19.450]    __Result=0x00000000
[15:51:19.450]  </debugvars>
[15:51:19.450]  
[15:51:19.450]  <sequence name="DebugPortStart" Pname="" disable="false" info="">
[15:51:19.450]    <block atomic="false" info="">
[15:51:19.450]      __var SW_DP_ABORT       = 0x0;
[15:51:19.450]        // -> [SW_DP_ABORT <= 0x00000000]
[15:51:19.450]      __var DP_CTRL_STAT      = 0x4;
[15:51:19.450]        // -> [DP_CTRL_STAT <= 0x00000004]
[15:51:19.450]      __var DP_SELECT         = 0x8;
[15:51:19.450]        // -> [DP_SELECT <= 0x00000008]
[15:51:19.450]      __var powered_down      = 0;
[15:51:19.450]        // -> [powered_down <= 0x00000000]
[15:51:19.450]      WriteDP(DP_SELECT, 0x00000000);
[15:51:19.450]        // -> [WriteDP(0x00000008, 0x00000000)]   (__dp=0x00000000)
[15:51:19.455]      powered_down = ((ReadDP(DP_CTRL_STAT) & 0xA0000000) != 0xA0000000);
[15:51:19.456]        // -> [ReadDP(0x00000004) => 0x00000040]   (__dp=0x00000000)
[15:51:19.456]        // -> [powered_down <= 0x00000001]
[15:51:19.456]    </block>
[15:51:19.456]    <control if="powered_down" while="" timeout="0" info="">
[15:51:19.456]      // if-block "powered_down"
[15:51:19.456]        // =>  TRUE
[15:51:19.456]      <block atomic="false" info="">
[15:51:19.456]        Message(0, "Debug/System power-up request sent");
[15:51:19.459]        WriteDP(DP_CTRL_STAT, 0x50000000);
[15:51:19.460]          // -> [WriteDP(0x00000004, 0x50000000)]   (__dp=0x00000000)
[15:51:19.460]      </block>
[15:51:19.460]      <control if="" while="(ReadDP(DP_CTRL_STAT) & 0xA0000000) != 0xA0000000" timeout="1000000" info="">
[15:51:19.460]        // while "(ReadDP(DP_CTRL_STAT) & 0xA0000000) != 0xA0000000"  (timeout="1000000")
[15:51:19.460]          // -> [ReadDP(0x00000004) => 0xF0000040]   (__dp=0x00000000)
[15:51:19.460]        // while-condition  =>  FALSE
[15:51:19.460]        // end while "(ReadDP(DP_CTRL_STAT) & 0xA0000000) != 0xA0000000"
[15:51:19.460]      </control>
[15:51:19.460]      <control if="(__protocol & 0xFFFF) == 1" while="" timeout="0" info="">
[15:51:19.465]        // if-block "(__protocol & 0xFFFF) == 1"
[15:51:19.465]          // =>  FALSE
[15:51:19.465]        // skip if-block "(__protocol & 0xFFFF) == 1"
[15:51:19.465]      </control>
[15:51:19.466]      <control if="(__protocol & 0xFFFF) == 2" while="" timeout="0" info="">
[15:51:19.466]        // if-block "(__protocol & 0xFFFF) == 2"
[15:51:19.466]          // =>  TRUE
[15:51:19.466]        <block atomic="false" info="">
[15:51:19.466]          Message(0, "executing SWD power up");
[15:51:19.468]          WriteDP(DP_CTRL_STAT, 0x50000F00);
[15:51:19.470]            // -> [WriteDP(0x00000004, 0x50000F00)]   (__dp=0x00000000)
[15:51:19.470]          WriteDP(SW_DP_ABORT, 0x0000001E);
[15:51:19.473]            // -> [WriteDP(0x00000000, 0x0000001E)]   (__dp=0x00000000)
[15:51:19.473]        </block>
[15:51:19.473]        // end if-block "(__protocol & 0xFFFF) == 2"
[15:51:19.473]      </control>
[15:51:19.473]      // end if-block "powered_down"
[15:51:19.473]    </control>
[15:51:19.473]    <block atomic="false" info="">
[15:51:19.473]      __var DEBUG_PORT_VAL    = 0;
[15:51:19.473]        // -> [DEBUG_PORT_VAL <= 0x00000000]
[15:51:19.473]      __var ACCESS_POINT_VAL  = 0;
[15:51:19.473]        // -> [ACCESS_POINT_VAL <= 0x00000000]
[15:51:19.473]      __ap = 1; 
[15:51:19.473]        // -> [__ap <= 0x00000001]
[15:51:19.473]      WriteAP(0x0C, 0x04); //lets use the mini pwr-ap as backup
[15:51:19.480]        // -> [WriteAP(0x0000000C, 0x00000004)]   (__dp=0x00000000, __ap=0x00000001)
[15:51:19.480]      __ap = 4;
[15:51:19.480]        // -> [__ap <= 0x00000004]
[15:51:19.480]      ACCESS_POINT_VAL = ReadAP(0x00);//Reading current state of access point
[15:51:19.481]        // -> [ReadAP(0x00000000) => 0x00080027]   (__dp=0x00000000, __ap=0x00000004)
[15:51:19.481]        // -> [ACCESS_POINT_VAL <= 0x00080027]
[15:51:19.481]      Message(0, "Current state of access point is: %x",ACCESS_POINT_VAL);
[15:51:19.486]    </block>
[15:51:19.487]    <block atomic="false" info="">
[15:51:19.487]      __var nReset = 0x80;
[15:51:19.487]        // -> [nReset <= 0x00000080]
[15:51:19.487]      __var canReadPins = 0;
[15:51:19.487]        // -> [canReadPins <= 0x00000000]
[15:51:19.487]      canReadPins = (DAP_SWJ_Pins(0x00, nReset, 0) != 0xFFFFFFFF);
[15:51:19.487]        // -> [DAP_SWJ_Pins(0x00, 0x80, 0) => 0x0F]   (Out: nRESET=0  =>  In: SWCLK/TCK=1, SWDIO/TMS=1, TDI=1, TDO=1, nTRST=0, nRESET=0)
[15:51:19.487]        // -> [canReadPins <= 0x00000001]
[15:51:19.487]    </block>
[15:51:19.487]    <control if="" while="1" timeout="200" info="">
[15:51:19.487]      // while "1"  (timeout="200")
[15:51:19.487]      // while-condition  =>  TRUE
[15:51:19.487]      // while "1"  (timeout="200")
[15:51:19.487]      // while-condition  =>  TRUE
[15:51:19.487]      // while "1"  (timeout="200")
[15:51:19.491]      // while-condition  =>  TRUE
[15:51:19.491]      // while "1"  (timeout="200")
[15:51:19.491]      // while-condition  =>  TRUE
[15:51:19.491]      // while "1"  (timeout="200")
[15:51:19.491]      // while-condition  =>  TRUE
[15:51:19.491]      // while "1"  (timeout="200")
[15:51:19.491]      // while-condition  =>  TRUE
[15:51:19.491]      // while "1"  (timeout="200")
[15:51:19.491]      // while-condition  =>  TRUE
[15:51:19.491]      // while "1"  (timeout="200")
[15:51:19.491]      // while-condition  =>  TRUE
[15:51:19.491]      // while "1"  (timeout="200")
[15:51:19.491]      // while-condition  =>  TRUE
[15:51:19.491]      // while "1"  (timeout="200")
[15:51:19.491]      // while-condition  =>  TRUE
[15:51:19.491]      // while "1"  (timeout="200")
[15:51:19.491]      // while-condition  =>  TRUE
[15:51:19.491]      // while "1"  (timeout="200")
[15:51:19.491]      // while-condition  =>  TRUE
[15:51:19.491]      // while "1"  (timeout="200")
[15:51:19.491]      // while-condition  =>  TRUE
[15:51:19.491]      // while "1"  (timeout="200")
[15:51:19.491]      // while-condition  =>  TRUE
[15:51:19.491]      // while "1"  (timeout="200")
[15:51:19.494]      // while-condition  =>  TRUE
[15:51:19.494]      // while "1"  (timeout="200")
[15:51:19.494]      // while  =>  TIMEOUT
[15:51:19.494]      // end while "1"
[15:51:19.494]    </control>
[15:51:19.494]    <control if="canReadPins" while="" timeout="0" info="">
[15:51:19.494]      // if-block "canReadPins"
[15:51:19.494]        // =>  TRUE
[15:51:19.494]      <control if="" while="(DAP_SWJ_Pins(nReset, nReset, 0) & nReset) == 0" timeout="1000000" info="">
[15:51:19.494]        // while "(DAP_SWJ_Pins(nReset, nReset, 0) & nReset) == 0"  (timeout="1000000")
[15:51:19.496]          // -> [DAP_SWJ_Pins(0x80, 0x80, 0) => 0x8F]   (Out: nRESET=1  =>  In: SWCLK/TCK=1, SWDIO/TMS=1, TDI=1, TDO=1, nTRST=0, nRESET=1)
[15:51:19.496]        // while-condition  =>  FALSE
[15:51:19.496]        // end while "(DAP_SWJ_Pins(nReset, nReset, 0) & nReset) == 0"
[15:51:19.496]      </control>
[15:51:19.496]      // end if-block "canReadPins"
[15:51:19.499]    </control>
[15:51:19.499]    <control if="!canReadPins" while="" timeout="0" info="">
[15:51:19.499]      // if-block "!canReadPins"
[15:51:19.499]        // =>  FALSE
[15:51:19.499]      // skip if-block "!canReadPins"
[15:51:19.499]    </control>
[15:51:19.499]    <control if="(ACCESS_POINT_VAL & 0x00E00000) == 0" while="" timeout="0" info="">
[15:51:19.499]      // if-block "(ACCESS_POINT_VAL & 0x00E00000) == 0"
[15:51:19.499]        // =>  TRUE
[15:51:19.499]      <block atomic="false" info="">
[15:51:19.499]        WriteAP(0x00, 0x190008);
[15:51:19.501]          // -> [WriteAP(0x00000000, 0x00190008)]   (__dp=0x00000000, __ap=0x00000004)
[15:51:19.501]        WriteAP(0xF0, 0x01);
[15:51:19.506]          // -> [WriteAP(0x000000F0, 0x00000001)]   (__dp=0x00000000, __ap=0x00000004)
[15:51:19.506]      </block>
[15:51:19.507]      // end if-block "(ACCESS_POINT_VAL & 0x00E00000) == 0"
[15:51:19.507]    </control>
[15:51:19.507]    <control if="(ACCESS_POINT_VAL & 0x00E00000) != 0" while="" timeout="0" info="">
[15:51:19.507]      // if-block "(ACCESS_POINT_VAL & 0x00E00000) != 0"
[15:51:19.507]        // =>  FALSE
[15:51:19.507]      // skip if-block "(ACCESS_POINT_VAL & 0x00E00000) != 0"
[15:51:19.507]    </control>
[15:51:19.507]    <block atomic="false" info="">
[15:51:19.508]      ACCESS_POINT_VAL = ReadAP(0x00);//Reading current state of access point
[15:51:19.511]        // -> [ReadAP(0x00000000) => 0x0079002F]   (__dp=0x00000000, __ap=0x00000004)
[15:51:19.511]        // -> [ACCESS_POINT_VAL <= 0x0079002F]
[15:51:19.511]      Message(0, "Current state of access point is: %x",ACCESS_POINT_VAL);
[15:51:19.511]      __ap = 0; //lets make sure we reset the access point selection
[15:51:19.511]        // -> [__ap <= 0x00000000]
[15:51:19.511]    </block>
[15:51:19.511]  </sequence>
[15:51:19.511]  
[15:51:19.534]  **********  Sequence "DebugDeviceUnlock"  (Context="Connect", Pname="", info="")
[15:51:19.534]  
[15:51:19.534]  <debugvars>
[15:51:19.534]    // Pre-defined
[15:51:19.534]    __protocol=0x00010002      (Protocol="SWD", SWJ-DP="True")
[15:51:19.536]    __connection=0x00000202    (Connection Type="Flash", Reset Type="System Reset")
[15:51:19.536]    __dp=0x00000000
[15:51:19.536]    __ap=0x00000000
[15:51:19.536]    __traceout=0x00000000      (Trace Disabled)
[15:51:19.536]    __errorcontrol=0x00000000  (Skip Errors="False")
[15:51:19.536]    __FlashAddr=0x00000000
[15:51:19.536]    __FlashLen=0x00000000
[15:51:19.536]    __FlashArg=0x00000000
[15:51:19.537]    __FlashOp=0x00000000
[15:51:19.537]    __Result=0x00000000
[15:51:19.537]  </debugvars>
[15:51:19.537]  
[15:51:19.537]  <sequence name="DebugDeviceUnlock" Pname="" disable="false" info="">
[15:51:19.537]    <block atomic="false" info="">
[15:51:19.537]      __var deviceID = 0;
[15:51:19.537]        // -> [deviceID <= 0x00000000]
[15:51:19.537]      __var version = 0;
[15:51:19.537]        // -> [version <= 0x00000000]
[15:51:19.537]      __var partNum = 0;
[15:51:19.537]        // -> [partNum <= 0x00000000]
[15:51:19.537]      __var manuf = 0;
[15:51:19.539]        // -> [manuf <= 0x00000000]
[15:51:19.539]      __var isMSPM0G1X0X_G3X0X = 0;
[15:51:19.539]        // -> [isMSPM0G1X0X_G3X0X <= 0x00000000]
[15:51:19.539]      __var isProduction = 0;
[15:51:19.539]        // -> [isProduction <= 0x00000000]
[15:51:19.539]      __var continueId = 0;
[15:51:19.539]        // -> [continueId <= 0x00000000]
[15:51:19.539]      deviceID =   Read32(0x41C40004);
[15:51:19.546]        // -> [Read32(0x41C40004) => 0x2BB8802F]   (__dp=0x00000000, __ap=0x00000000)
[15:51:19.546]        // -> [deviceID <= 0x2BB8802F]
[15:51:19.546]      version = deviceID >> 28;
[15:51:19.547]        // -> [version <= 0x00000002]
[15:51:19.547]      partNum = (deviceID & 0x0FFFF000) >> 12;
[15:51:19.547]        // -> [partNum <= 0x0000BB88]
[15:51:19.547]      manuf = (deviceID & 0x00000FFE) >> 1;
[15:51:19.547]        // -> [manuf <= 0x00000017]
[15:51:19.547]      isMSPM0G1X0X_G3X0X = (partNum == 0xBB88) && (manuf == 0x17);
[15:51:19.547]        // -> [isMSPM0G1X0X_G3X0X <= 0x00000001]
[15:51:19.547]      isProduction = (version > 0);
[15:51:19.547]        // -> [isProduction <= 0x00000001]
[15:51:19.547]    </block>
[15:51:19.547]    <control if="!isMSPM0G1X0X_G3X0X" while="" timeout="0" info="">
[15:51:19.547]      // if-block "!isMSPM0G1X0X_G3X0X"
[15:51:19.547]        // =>  FALSE
[15:51:19.547]      // skip if-block "!isMSPM0G1X0X_G3X0X"
[15:51:19.549]    </control>
[15:51:19.549]    <control if="continueId == 4" while="" timeout="0" info="">
[15:51:19.549]      // if-block "continueId == 4"
[15:51:19.549]        // =>  FALSE
[15:51:19.549]      // skip if-block "continueId == 4"
[15:51:19.549]    </control>
[15:51:19.549]    <control if="!isProduction" while="" timeout="0" info="">
[15:51:19.549]      // if-block "!isProduction"
[15:51:19.549]        // =>  FALSE
[15:51:19.549]      // skip if-block "!isProduction"
[15:51:19.549]    </control>
[15:51:19.549]  </sequence>
[15:51:19.551]  
[15:53:25.219]  **********  Sequence "DebugPortSetup"  (Context="Connect", Pname="", info="")
[15:53:25.219]  
[15:53:25.219]  <debugvars>
[15:53:25.219]    // Pre-defined
[15:53:25.221]    __protocol=0x00010002      (Protocol="SWD", SWJ-DP="True")
[15:53:25.221]    __connection=0x00000202    (Connection Type="Flash", Reset Type="System Reset")
[15:53:25.221]    __dp=0x00000000
[15:53:25.221]    __ap=0x00000000
[15:53:25.221]    __traceout=0x00000000      (Trace Disabled)
[15:53:25.221]    __errorcontrol=0x00000000  (Skip Errors="False")
[15:53:25.221]    __FlashAddr=0x00000000
[15:53:25.221]    __FlashLen=0x00000000
[15:53:25.221]    __FlashArg=0x00000000
[15:53:25.221]    __FlashOp=0x00000000
[15:53:25.221]    __Result=0x00000000
[15:53:25.221]  </debugvars>
[15:53:25.221]  
[15:53:25.221]  <sequence name="DebugPortSetup" Pname="" disable="false" info="">
[15:53:25.221]    <block atomic="false" info="">
[15:53:25.221]      __var isSWJ      = ((__protocol & 0x00010000) != 0);
[15:53:25.221]        // -> [isSWJ <= 0x00000001]
[15:53:25.221]      __var hasDormant = __protocol & 0x00020000;
[15:53:25.221]        // -> [hasDormant <= 0x00000000]
[15:53:25.221]      __var protType   = __protocol & 0x0000FFFF;
[15:53:25.221]        // -> [protType <= 0x00000002]
[15:53:25.221]    </block>
[15:53:25.224]    <control if="protType == 1" while="" timeout="0" info="">
[15:53:25.224]      // if-block "protType == 1"
[15:53:25.224]        // =>  FALSE
[15:53:25.224]      // skip if-block "protType == 1"
[15:53:25.224]    </control>
[15:53:25.224]    <control if="protType == 2" while="" timeout="0" info="">
[15:53:25.224]      // if-block "protType == 2"
[15:53:25.224]        // =>  TRUE
[15:53:25.224]      <control if="isSWJ" while="" timeout="0" info="">
[15:53:25.224]        // if-block "isSWJ"
[15:53:25.224]          // =>  TRUE
[15:53:25.224]        <control if="hasDormant" while="" timeout="0" info="">
[15:53:25.224]          // if-block "hasDormant"
[15:53:25.224]            // =>  FALSE
[15:53:25.224]          // skip if-block "hasDormant"
[15:53:25.224]        </control>
[15:53:25.224]        <control if="!hasDormant" while="" timeout="0" info="">
[15:53:25.224]          // if-block "!hasDormant"
[15:53:25.224]            // =>  TRUE
[15:53:25.224]          <block atomic="false" info="">
[15:53:25.224]            DAP_SWJ_Sequence(51, 0x0007FFFFFFFFFFFF); //lets put the JTAG line in a reset state
[15:53:25.227]              // -> [DAP_SWJ_Sequence(51, 0x0007FFFFFFFFFFFF)]
[15:53:25.227]            DAP_SWJ_Sequence(16,0xE73C); //SWD to JTAG, this is to ensure the state machine is initialized
[15:53:25.229]              // -> [DAP_SWJ_Sequence(16, 0x000000000000E73C)]
[15:53:25.229]            DAP_SWJ_Sequence(51, 0x0007FFFFFFFFFFFF); //Put it back in reset
[15:53:25.229]              // -> [DAP_SWJ_Sequence(51, 0x0007FFFFFFFFFFFF)]
[15:53:25.232]            DAP_SWJ_Sequence(16, 0xE79E); //JTAG to SWD switch
[15:53:25.235]              // -> [DAP_SWJ_Sequence(16, 0x000000000000E79E)]
[15:53:25.235]            DAP_SWJ_Sequence(51, 0x0007FFFFFFFFFFFF);  //Ensure the switch is successful 
[15:53:25.235]              // -> [DAP_SWJ_Sequence(51, 0x0007FFFFFFFFFFFF)]
[15:53:25.235]            DAP_SWJ_Sequence(7,  0x00); //Give the line some time to initialize
[15:53:25.237]              // -> [DAP_SWJ_Sequence(7, 0x0000000000000000)]
[15:53:25.237]          </block>
[15:53:25.237]          // end if-block "!hasDormant"
[15:53:25.237]        </control>
[15:53:25.237]        // end if-block "isSWJ"
[15:53:25.237]      </control>
[15:53:25.240]      <control if="!isSWJ" while="" timeout="0" info="">
[15:53:25.240]        // if-block "!isSWJ"
[15:53:25.240]          // =>  FALSE
[15:53:25.240]        // skip if-block "!isSWJ"
[15:53:25.240]      </control>
[15:53:25.240]      <block atomic="false" info="">
[15:53:25.240]        ReadDP(0x0);
[15:53:25.242]          // -> [ReadDP(0x00000000) => 0x6BA02477]   (__dp=0x00000000)
[15:53:25.242]      </block>
[15:53:25.242]      // end if-block "protType == 2"
[15:53:25.242]    </control>
[15:53:25.242]  </sequence>
[15:53:25.244]  
[15:53:25.248]  **********  Sequence "DebugPortStart"  (Context="Connect", Pname="", info="")
[15:53:25.248]  
[15:53:25.248]  <debugvars>
[15:53:25.248]    // Pre-defined
[15:53:25.248]    __protocol=0x00010002      (Protocol="SWD", SWJ-DP="True")
[15:53:25.248]    __connection=0x00000202    (Connection Type="Flash", Reset Type="System Reset")
[15:53:25.248]    __dp=0x00000000
[15:53:25.248]    __ap=0x00000000
[15:53:25.248]    __traceout=0x00000000      (Trace Disabled)
[15:53:25.248]    __errorcontrol=0x00000000  (Skip Errors="False")
[15:53:25.248]    __FlashAddr=0x00000000
[15:53:25.248]    __FlashLen=0x00000000
[15:53:25.248]    __FlashArg=0x00000000
[15:53:25.248]    __FlashOp=0x00000000
[15:53:25.250]    __Result=0x00000000
[15:53:25.250]  </debugvars>
[15:53:25.250]  
[15:53:25.250]  <sequence name="DebugPortStart" Pname="" disable="false" info="">
[15:53:25.250]    <block atomic="false" info="">
[15:53:25.250]      __var SW_DP_ABORT       = 0x0;
[15:53:25.250]        // -> [SW_DP_ABORT <= 0x00000000]
[15:53:25.250]      __var DP_CTRL_STAT      = 0x4;
[15:53:25.250]        // -> [DP_CTRL_STAT <= 0x00000004]
[15:53:25.250]      __var DP_SELECT         = 0x8;
[15:53:25.250]        // -> [DP_SELECT <= 0x00000008]
[15:53:25.250]      __var powered_down      = 0;
[15:53:25.250]        // -> [powered_down <= 0x00000000]
[15:53:25.250]      WriteDP(DP_SELECT, 0x00000000);
[15:53:25.252]        // -> [WriteDP(0x00000008, 0x00000000)]   (__dp=0x00000000)
[15:53:25.252]      powered_down = ((ReadDP(DP_CTRL_STAT) & 0xA0000000) != 0xA0000000);
[15:53:25.255]        // -> [ReadDP(0x00000004) => 0x00000040]   (__dp=0x00000000)
[15:53:25.255]        // -> [powered_down <= 0x00000001]
[15:53:25.255]    </block>
[15:53:25.255]    <control if="powered_down" while="" timeout="0" info="">
[15:53:25.255]      // if-block "powered_down"
[15:53:25.255]        // =>  TRUE
[15:53:25.255]      <block atomic="false" info="">
[15:53:25.255]        Message(0, "Debug/System power-up request sent");
[15:53:25.255]        WriteDP(DP_CTRL_STAT, 0x50000000);
[15:53:25.261]          // -> [WriteDP(0x00000004, 0x50000000)]   (__dp=0x00000000)
[15:53:25.261]      </block>
[15:53:25.261]      <control if="" while="(ReadDP(DP_CTRL_STAT) & 0xA0000000) != 0xA0000000" timeout="1000000" info="">
[15:53:25.261]        // while "(ReadDP(DP_CTRL_STAT) & 0xA0000000) != 0xA0000000"  (timeout="1000000")
[15:53:25.261]          // -> [ReadDP(0x00000004) => 0xF0000040]   (__dp=0x00000000)
[15:53:25.261]        // while-condition  =>  FALSE
[15:53:25.261]        // end while "(ReadDP(DP_CTRL_STAT) & 0xA0000000) != 0xA0000000"
[15:53:25.261]      </control>
[15:53:25.261]      <control if="(__protocol & 0xFFFF) == 1" while="" timeout="0" info="">
[15:53:25.261]        // if-block "(__protocol & 0xFFFF) == 1"
[15:53:25.261]          // =>  FALSE
[15:53:25.261]        // skip if-block "(__protocol & 0xFFFF) == 1"
[15:53:25.261]      </control>
[15:53:25.261]      <control if="(__protocol & 0xFFFF) == 2" while="" timeout="0" info="">
[15:53:25.261]        // if-block "(__protocol & 0xFFFF) == 2"
[15:53:25.261]          // =>  TRUE
[15:53:25.261]        <block atomic="false" info="">
[15:53:25.266]          Message(0, "executing SWD power up");
[15:53:25.266]          WriteDP(DP_CTRL_STAT, 0x50000F00);
[15:53:25.266]            // -> [WriteDP(0x00000004, 0x50000F00)]   (__dp=0x00000000)
[15:53:25.266]          WriteDP(SW_DP_ABORT, 0x0000001E);
[15:53:25.271]            // -> [WriteDP(0x00000000, 0x0000001E)]   (__dp=0x00000000)
[15:53:25.271]        </block>
[15:53:25.271]        // end if-block "(__protocol & 0xFFFF) == 2"
[15:53:25.271]      </control>
[15:53:25.271]      // end if-block "powered_down"
[15:53:25.271]    </control>
[15:53:25.271]    <block atomic="false" info="">
[15:53:25.271]      __var DEBUG_PORT_VAL    = 0;
[15:53:25.271]        // -> [DEBUG_PORT_VAL <= 0x00000000]
[15:53:25.271]      __var ACCESS_POINT_VAL  = 0;
[15:53:25.271]        // -> [ACCESS_POINT_VAL <= 0x00000000]
[15:53:25.271]      __ap = 1; 
[15:53:25.271]        // -> [__ap <= 0x00000001]
[15:53:25.271]      WriteAP(0x0C, 0x04); //lets use the mini pwr-ap as backup
[15:53:25.277]        // -> [WriteAP(0x0000000C, 0x00000004)]   (__dp=0x00000000, __ap=0x00000001)
[15:53:25.278]      __ap = 4;
[15:53:25.278]        // -> [__ap <= 0x00000004]
[15:53:25.278]      ACCESS_POINT_VAL = ReadAP(0x00);//Reading current state of access point
[15:53:25.283]        // -> [ReadAP(0x00000000) => 0x00080027]   (__dp=0x00000000, __ap=0x00000004)
[15:53:25.283]        // -> [ACCESS_POINT_VAL <= 0x00080027]
[15:53:25.283]      Message(0, "Current state of access point is: %x",ACCESS_POINT_VAL);
[15:53:25.285]    </block>
[15:53:25.285]    <block atomic="false" info="">
[15:53:25.285]      __var nReset = 0x80;
[15:53:25.285]        // -> [nReset <= 0x00000080]
[15:53:25.285]      __var canReadPins = 0;
[15:53:25.285]        // -> [canReadPins <= 0x00000000]
[15:53:25.285]      canReadPins = (DAP_SWJ_Pins(0x00, nReset, 0) != 0xFFFFFFFF);
[15:53:25.288]        // -> [DAP_SWJ_Pins(0x00, 0x80, 0) => 0x0F]   (Out: nRESET=0  =>  In: SWCLK/TCK=1, SWDIO/TMS=1, TDI=1, TDO=1, nTRST=0, nRESET=0)
[15:53:25.288]        // -> [canReadPins <= 0x00000001]
[15:53:25.288]    </block>
[15:53:25.288]    <control if="" while="1" timeout="200" info="">
[15:53:25.289]      // while "1"  (timeout="200")
[15:53:25.289]      // while-condition  =>  TRUE
[15:53:25.289]      // while "1"  (timeout="200")
[15:53:25.289]      // while-condition  =>  TRUE
[15:53:25.289]      // while "1"  (timeout="200")
[15:53:25.289]      // while  =>  TIMEOUT
[15:53:25.289]      // end while "1"
[15:53:25.290]    </control>
[15:53:25.290]    <control if="canReadPins" while="" timeout="0" info="">
[15:53:25.290]      // if-block "canReadPins"
[15:53:25.290]        // =>  TRUE
[15:53:25.291]      <control if="" while="(DAP_SWJ_Pins(nReset, nReset, 0) & nReset) == 0" timeout="1000000" info="">
[15:53:25.291]        // while "(DAP_SWJ_Pins(nReset, nReset, 0) & nReset) == 0"  (timeout="1000000")
[15:53:25.292]          // -> [DAP_SWJ_Pins(0x80, 0x80, 0) => 0x8F]   (Out: nRESET=1  =>  In: SWCLK/TCK=1, SWDIO/TMS=1, TDI=1, TDO=1, nTRST=0, nRESET=1)
[15:53:25.292]        // while-condition  =>  FALSE
[15:53:25.292]        // end while "(DAP_SWJ_Pins(nReset, nReset, 0) & nReset) == 0"
[15:53:25.292]      </control>
[15:53:25.292]      // end if-block "canReadPins"
[15:53:25.292]    </control>
[15:53:25.292]    <control if="!canReadPins" while="" timeout="0" info="">
[15:53:25.292]      // if-block "!canReadPins"
[15:53:25.292]        // =>  FALSE
[15:53:25.292]      // skip if-block "!canReadPins"
[15:53:25.292]    </control>
[15:53:25.292]    <control if="(ACCESS_POINT_VAL & 0x00E00000) == 0" while="" timeout="0" info="">
[15:53:25.292]      // if-block "(ACCESS_POINT_VAL & 0x00E00000) == 0"
[15:53:25.292]        // =>  TRUE
[15:53:25.292]      <block atomic="false" info="">
[15:53:25.296]        WriteAP(0x00, 0x190008);
[15:53:25.296]          // -> [WriteAP(0x00000000, 0x00190008)]   (__dp=0x00000000, __ap=0x00000004)
[15:53:25.296]        WriteAP(0xF0, 0x01);
[15:53:25.301]          // -> [WriteAP(0x000000F0, 0x00000001)]   (__dp=0x00000000, __ap=0x00000004)
[15:53:25.301]      </block>
[15:53:25.301]      // end if-block "(ACCESS_POINT_VAL & 0x00E00000) == 0"
[15:53:25.301]    </control>
[15:53:25.301]    <control if="(ACCESS_POINT_VAL & 0x00E00000) != 0" while="" timeout="0" info="">
[15:53:25.301]      // if-block "(ACCESS_POINT_VAL & 0x00E00000) != 0"
[15:53:25.301]        // =>  FALSE
[15:53:25.301]      // skip if-block "(ACCESS_POINT_VAL & 0x00E00000) != 0"
[15:53:25.301]    </control>
[15:53:25.301]    <block atomic="false" info="">
[15:53:25.301]      ACCESS_POINT_VAL = ReadAP(0x00);//Reading current state of access point
[15:53:25.307]        // -> [ReadAP(0x00000000) => 0x0079002F]   (__dp=0x00000000, __ap=0x00000004)
[15:53:25.307]        // -> [ACCESS_POINT_VAL <= 0x0079002F]
[15:53:25.307]      Message(0, "Current state of access point is: %x",ACCESS_POINT_VAL);
[15:53:25.309]      __ap = 0; //lets make sure we reset the access point selection
[15:53:25.309]        // -> [__ap <= 0x00000000]
[15:53:25.309]    </block>
[15:53:25.309]  </sequence>
[15:53:25.309]  
[15:53:25.330]  **********  Sequence "DebugDeviceUnlock"  (Context="Connect", Pname="", info="")
[15:53:25.330]  
[15:53:25.331]  <debugvars>
[15:53:25.331]    // Pre-defined
[15:53:25.331]    __protocol=0x00010002      (Protocol="SWD", SWJ-DP="True")
[15:53:25.331]    __connection=0x00000202    (Connection Type="Flash", Reset Type="System Reset")
[15:53:25.331]    __dp=0x00000000
[15:53:25.331]    __ap=0x00000000
[15:53:25.331]    __traceout=0x00000000      (Trace Disabled)
[15:53:25.331]    __errorcontrol=0x00000000  (Skip Errors="False")
[15:53:25.331]    __FlashAddr=0x00000000
[15:53:25.331]    __FlashLen=0x00000000
[15:53:25.331]    __FlashArg=0x00000000
[15:53:25.331]    __FlashOp=0x00000000
[15:53:25.331]    __Result=0x00000000
[15:53:25.331]  </debugvars>
[15:53:25.331]  
[15:53:25.331]  <sequence name="DebugDeviceUnlock" Pname="" disable="false" info="">
[15:53:25.331]    <block atomic="false" info="">
[15:53:25.331]      __var deviceID = 0;
[15:53:25.331]        // -> [deviceID <= 0x00000000]
[15:53:25.331]      __var version = 0;
[15:53:25.331]        // -> [version <= 0x00000000]
[15:53:25.331]      __var partNum = 0;
[15:53:25.335]        // -> [partNum <= 0x00000000]
[15:53:25.335]      __var manuf = 0;
[15:53:25.335]        // -> [manuf <= 0x00000000]
[15:53:25.335]      __var isMSPM0G1X0X_G3X0X = 0;
[15:53:25.335]        // -> [isMSPM0G1X0X_G3X0X <= 0x00000000]
[15:53:25.335]      __var isProduction = 0;
[15:53:25.335]        // -> [isProduction <= 0x00000000]
[15:53:25.335]      __var continueId = 0;
[15:53:25.335]        // -> [continueId <= 0x00000000]
[15:53:25.335]      deviceID =   Read32(0x41C40004);
[15:53:25.342]        // -> [Read32(0x41C40004) => 0x2BB8802F]   (__dp=0x00000000, __ap=0x00000000)
[15:53:25.342]        // -> [deviceID <= 0x2BB8802F]
[15:53:25.342]      version = deviceID >> 28;
[15:53:25.342]        // -> [version <= 0x00000002]
[15:53:25.342]      partNum = (deviceID & 0x0FFFF000) >> 12;
[15:53:25.342]        // -> [partNum <= 0x0000BB88]
[15:53:25.342]      manuf = (deviceID & 0x00000FFE) >> 1;
[15:53:25.342]        // -> [manuf <= 0x00000017]
[15:53:25.342]      isMSPM0G1X0X_G3X0X = (partNum == 0xBB88) && (manuf == 0x17);
[15:53:25.342]        // -> [isMSPM0G1X0X_G3X0X <= 0x00000001]
[15:53:25.342]      isProduction = (version > 0);
[15:53:25.342]        // -> [isProduction <= 0x00000001]
[15:53:25.342]    </block>
[15:53:25.342]    <control if="!isMSPM0G1X0X_G3X0X" while="" timeout="0" info="">
[15:53:25.342]      // if-block "!isMSPM0G1X0X_G3X0X"
[15:53:25.342]        // =>  FALSE
[15:53:25.342]      // skip if-block "!isMSPM0G1X0X_G3X0X"
[15:53:25.345]    </control>
[15:53:25.345]    <control if="continueId == 4" while="" timeout="0" info="">
[15:53:25.345]      // if-block "continueId == 4"
[15:53:25.345]        // =>  FALSE
[15:53:25.345]      // skip if-block "continueId == 4"
[15:53:25.345]    </control>
[15:53:25.345]    <control if="!isProduction" while="" timeout="0" info="">
[15:53:25.345]      // if-block "!isProduction"
[15:53:25.345]        // =>  FALSE
[15:53:25.345]      // skip if-block "!isProduction"
[15:53:25.345]    </control>
[15:53:25.345]  </sequence>
[15:53:25.345]  
